Archive member included to satisfy reference by file (symbol)

c:/st/stm32cubeide_1.7.0/stm32cubeide/plugins/com.st.stm32cube.ide.mcu.externaltools.gnu-tools-for-stm32.9-2020-q2-update.win32_2.0.0.202105311346/tools/bin/../lib/gcc/arm-none-eabi/9.3.1/../../../../arm-none-eabi/lib/thumb/v7e-m+dp/hard\libstdc++_nano.a(del_ops.o)
                              ./Src/lib.o (operator delete(void*, unsigned int))
c:/st/stm32cubeide_1.7.0/stm32cubeide/plugins/com.st.stm32cube.ide.mcu.externaltools.gnu-tools-for-stm32.9-2020-q2-update.win32_2.0.0.202105311346/tools/bin/../lib/gcc/arm-none-eabi/9.3.1/../../../../arm-none-eabi/lib/thumb/v7e-m+dp/hard\libstdc++_nano.a(del_op.o)
                              c:/st/stm32cubeide_1.7.0/stm32cubeide/plugins/com.st.stm32cube.ide.mcu.externaltools.gnu-tools-for-stm32.9-2020-q2-update.win32_2.0.0.202105311346/tools/bin/../lib/gcc/arm-none-eabi/9.3.1/../../../../arm-none-eabi/lib/thumb/v7e-m+dp/hard\libstdc++_nano.a(del_ops.o) (operator delete(void*))
c:/st/stm32cubeide_1.7.0/stm32cubeide/plugins/com.st.stm32cube.ide.mcu.externaltools.gnu-tools-for-stm32.9-2020-q2-update.win32_2.0.0.202105311346/tools/bin/../lib/gcc/arm-none-eabi/9.3.1/../../../../arm-none-eabi/lib/thumb/v7e-m+dp/hard\libm.a(lib_a-wf_sqrt.o)
                              ./Src/lib.o (sqrtf)
c:/st/stm32cubeide_1.7.0/stm32cubeide/plugins/com.st.stm32cube.ide.mcu.externaltools.gnu-tools-for-stm32.9-2020-q2-update.win32_2.0.0.202105311346/tools/bin/../lib/gcc/arm-none-eabi/9.3.1/../../../../arm-none-eabi/lib/thumb/v7e-m+dp/hard\libm.a(lib_a-ef_sqrt.o)
                              c:/st/stm32cubeide_1.7.0/stm32cubeide/plugins/com.st.stm32cube.ide.mcu.externaltools.gnu-tools-for-stm32.9-2020-q2-update.win32_2.0.0.202105311346/tools/bin/../lib/gcc/arm-none-eabi/9.3.1/../../../../arm-none-eabi/lib/thumb/v7e-m+dp/hard\libm.a(lib_a-wf_sqrt.o) (__ieee754_sqrtf)
c:/st/stm32cubeide_1.7.0/stm32cubeide/plugins/com.st.stm32cube.ide.mcu.externaltools.gnu-tools-for-stm32.9-2020-q2-update.win32_2.0.0.202105311346/tools/bin/../lib/gcc/arm-none-eabi/9.3.1/../../../../arm-none-eabi/lib/thumb/v7e-m+dp/hard\libm.a(lib_a-s_lib_ver.o)
                              c:/st/stm32cubeide_1.7.0/stm32cubeide/plugins/com.st.stm32cube.ide.mcu.externaltools.gnu-tools-for-stm32.9-2020-q2-update.win32_2.0.0.202105311346/tools/bin/../lib/gcc/arm-none-eabi/9.3.1/../../../../arm-none-eabi/lib/thumb/v7e-m+dp/hard\libm.a(lib_a-wf_sqrt.o) (__fdlib_version)
c:/st/stm32cubeide_1.7.0/stm32cubeide/plugins/com.st.stm32cube.ide.mcu.externaltools.gnu-tools-for-stm32.9-2020-q2-update.win32_2.0.0.202105311346/tools/bin/../lib/gcc/arm-none-eabi/9.3.1/../../../../arm-none-eabi/lib/thumb/v7e-m+dp/hard\libc_nano.a(lib_a-abort.o)
                              ./Src/lib.o (abort)
c:/st/stm32cubeide_1.7.0/stm32cubeide/plugins/com.st.stm32cube.ide.mcu.externaltools.gnu-tools-for-stm32.9-2020-q2-update.win32_2.0.0.202105311346/tools/bin/../lib/gcc/arm-none-eabi/9.3.1/../../../../arm-none-eabi/lib/thumb/v7e-m+dp/hard\libc_nano.a(lib_a-errno.o)
                              c:/st/stm32cubeide_1.7.0/stm32cubeide/plugins/com.st.stm32cube.ide.mcu.externaltools.gnu-tools-for-stm32.9-2020-q2-update.win32_2.0.0.202105311346/tools/bin/../lib/gcc/arm-none-eabi/9.3.1/../../../../arm-none-eabi/lib/thumb/v7e-m+dp/hard\libm.a(lib_a-wf_sqrt.o) (__errno)
c:/st/stm32cubeide_1.7.0/stm32cubeide/plugins/com.st.stm32cube.ide.mcu.externaltools.gnu-tools-for-stm32.9-2020-q2-update.win32_2.0.0.202105311346/tools/bin/../lib/gcc/arm-none-eabi/9.3.1/../../../../arm-none-eabi/lib/thumb/v7e-m+dp/hard\libc_nano.a(lib_a-exit.o)
                              c:/st/stm32cubeide_1.7.0/stm32cubeide/plugins/com.st.stm32cube.ide.mcu.externaltools.gnu-tools-for-stm32.9-2020-q2-update.win32_2.0.0.202105311346/tools/bin/../lib/gcc/arm-none-eabi/9.3.1/../../../../arm-none-eabi/lib/thumb/v7e-m+dp/hard/crt0.o (exit)
c:/st/stm32cubeide_1.7.0/stm32cubeide/plugins/com.st.stm32cube.ide.mcu.externaltools.gnu-tools-for-stm32.9-2020-q2-update.win32_2.0.0.202105311346/tools/bin/../lib/gcc/arm-none-eabi/9.3.1/../../../../arm-none-eabi/lib/thumb/v7e-m+dp/hard\libc_nano.a(lib_a-impure.o)
                              c:/st/stm32cubeide_1.7.0/stm32cubeide/plugins/com.st.stm32cube.ide.mcu.externaltools.gnu-tools-for-stm32.9-2020-q2-update.win32_2.0.0.202105311346/tools/bin/../lib/gcc/arm-none-eabi/9.3.1/../../../../arm-none-eabi/lib/thumb/v7e-m+dp/hard\libc_nano.a(lib_a-exit.o) (_global_impure_ptr)
c:/st/stm32cubeide_1.7.0/stm32cubeide/plugins/com.st.stm32cube.ide.mcu.externaltools.gnu-tools-for-stm32.9-2020-q2-update.win32_2.0.0.202105311346/tools/bin/../lib/gcc/arm-none-eabi/9.3.1/../../../../arm-none-eabi/lib/thumb/v7e-m+dp/hard\libc_nano.a(lib_a-init.o)
[...]
Memory Configuration

Name             Origin             Length             Attributes
RAM              0x0000000020000000 0x0000000000080000 xrw
FLASH            0x0000000008000000 0x0000000000200000 xr
*default*        0x0000000000000000 0xffffffffffffffff

Linker script and memory map

LOAD c:/st/stm32cubeide_1.7.0/stm32cubeide/plugins/com.st.stm32cube.ide.mcu.externaltools.gnu-tools-for-stm32.9-2020-q2-update.win32_2.0.0.202105311346/tools/bin/../lib/gcc/arm-none-eabi/9.3.1/thumb/v7e-m+dp/hard/crti.o
LOAD c:/st/stm32cubeide_1.7.0/stm32cubeide/plugins/com.st.stm32cube.ide.mcu.externaltools.gnu-tools-for-stm32.9-2020-q2-update.win32_2.0.0.202105311346/tools/bin/../lib/gcc/arm-none-eabi/9.3.1/thumb/v7e-m+dp/hard/crtbegin.o
LOAD c:/st/stm32cubeide_1.7.0/stm32cubeide/plugins/com.st.stm32cube.ide.mcu.externaltools.gnu-tools-for-stm32.9-2020-q2-update.win32_2.0.0.202105311346/tools/bin/../lib/gcc/arm-none-eabi/9.3.1/../../../../arm-none-eabi/lib/thumb/v7e-m+dp/hard/crt0.o
LOAD ./GCC/RTOScontext.o
LOAD ./GCC/startup_stm32f769nihx.o
LOAD ./Src/Disp_OTM8009A.o
LOAD ./Src/lib.o
LOAD ./Src/main.o
START GROUP
LOAD c:/st/stm32cubeide_1.7.0/stm32cubeide/plugins/com.st.stm32cube.ide.mcu.externaltools.gnu-tools-for-stm32.9-2020-q2-update.win32_2.0.0.202105311346/tools/bin/../lib/gcc/arm-none-eabi/9.3.1/../../../../arm-none-eabi/lib/thumb/v7e-m+dp/hard\libstdc++_nano.a
LOAD c:/st/stm32cubeide_1.7.0/stm32cubeide/plugins/com.st.stm32cube.ide.mcu.externaltools.gnu-tools-for-stm32.9-2020-q2-update.win32_2.0.0.202105311346/tools/bin/../lib/gcc/arm-none-eabi/9.3.1/../../../../arm-none-eabi/lib/thumb/v7e-m+dp/hard\libsupc++_nano.a
END GROUP
LOAD c:/st/stm32cubeide_1.7.0/stm32cubeide/plugins/com.st.stm32cube.ide.mcu.externaltools.gnu-tools-for-stm32.9-2020-q2-update.win32_2.0.0.202105311346/tools/bin/../lib/gcc/arm-none-eabi/9.3.1/../../../../arm-none-eabi/lib/thumb/v7e-m+dp/hard\libstdc++_nano.a
LOAD c:/st/stm32cubeide_1.7.0/stm32cubeide/plugins/com.st.stm32cube.ide.mcu.externaltools.gnu-tools-for-stm32.9-2020-q2-update.win32_2.0.0.202105311346/tools/bin/../lib/gcc/arm-none-eabi/9.3.1/../../../../arm-none-eabi/lib/thumb/v7e-m+dp/hard\libm.a
LOAD c:/st/stm32cubeide_1.7.0/stm32cubeide/plugins/com.st.stm32cube.ide.mcu.externaltools.gnu-tools-for-stm32.9-2020-q2-update.win32_2.0.0.202105311346/tools/bin/../lib/gcc/arm-none-eabi/9.3.1/../../../../arm-none-eabi/lib/thumb/v7e-m+dp/hard\libc_nano.a
START GROUP
LOAD c:/st/stm32cubeide_1.7.0/stm32cubeide/plugins/com.st.stm32cube.ide.mcu.externaltools.gnu-tools-for-stm32.9-2020-q2-update.win32_2.0.0.202105311346/tools/bin/../lib/gcc/arm-none-eabi/9.3.1/thumb/v7e-m+dp/hard\libgcc.a
LOAD c:/st/stm32cubeide_1.7.0/stm32cubeide/plugins/com.st.stm32cube.ide.mcu.externaltools.gnu-tools-for-stm32.9-2020-q2-update.win32_2.0.0.202105311346/tools/bin/../lib/gcc/arm-none-eabi/9.3.1/../../../../arm-none-eabi/lib/thumb/v7e-m+dp/hard\libc_nano.a
END GROUP
START GROUP
LOAD c:/st/stm32cubeide_1.7.0/stm32cubeide/plugins/com.st.stm32cube.ide.mcu.externaltools.gnu-tools-for-stm32.9-2020-q2-update.win32_2.0.0.202105311346/tools/bin/../lib/gcc/arm-none-eabi/9.3.1/thumb/v7e-m+dp/hard\libgcc.a
LOAD c:/st/stm32cubeide_1.7.0/stm32cubeide/plugins/com.st.stm32cube.ide.mcu.externaltools.gnu-tools-for-stm32.9-2020-q2-update.win32_2.0.0.202105311346/tools/bin/../lib/gcc/arm-none-eabi/9.3.1/../../../../arm-none-eabi/lib/thumb/v7e-m+dp/hard\libc_nano.a
LOAD c:/st/stm32cubeide_1.7.0/stm32cubeide/plugins/com.st.stm32cube.ide.mcu.externaltools.gnu-tools-for-stm32.9-2020-q2-update.win32_2.0.0.202105311346/tools/bin/../lib/gcc/arm-none-eabi/9.3.1/../../../../arm-none-eabi/lib/thumb/v7e-m+dp/hard\libnosys.a
END GROUP
START GROUP
LOAD c:/st/stm32cubeide_1.7.0/stm32cubeide/plugins/com.st.stm32cube.ide.mcu.externaltools.gnu-tools-for-stm32.9-2020-q2-update.win32_2.0.0.202105311346/tools/bin/../lib/gcc/arm-none-eabi/9.3.1/thumb/v7e-m+dp/hard\libgcc.a
LOAD c:/st/stm32cubeide_1.7.0/stm32cubeide/plugins/com.st.stm32cube.ide.mcu.externaltools.gnu-tools-for-stm32.9-2020-q2-update.win32_2.0.0.202105311346/tools/bin/../lib/gcc/arm-none-eabi/9.3.1/../../../../arm-none-eabi/lib/thumb/v7e-m+dp/hard\libc_nano.a
LOAD c:/st/stm32cubeide_1.7.0/stm32cubeide/plugins/com.st.stm32cube.ide.mcu.externaltools.gnu-tools-for-stm32.9-2020-q2-update.win32_2.0.0.202105311346/tools/bin/../lib/gcc/arm-none-eabi/9.3.1/../../../../arm-none-eabi/lib/thumb/v7e-m+dp/hard\libnosys.a
END GROUP
LOAD c:/st/stm32cubeide_1.7.0/stm32cubeide/plugins/com.st.stm32cube.ide.mcu.externaltools.gnu-tools-for-stm32.9-2020-q2-update.win32_2.0.0.202105311346/tools/bin/../lib/gcc/arm-none-eabi/9.3.1/thumb/v7e-m+dp/hard/crtend.o
LOAD c:/st/stm32cubeide_1.7.0/stm32cubeide/plugins/com.st.stm32cube.ide.mcu.externaltools.gnu-tools-for-stm32.9-2020-q2-update.win32_2.0.0.202105311346/tools/bin/../lib/gcc/arm-none-eabi/9.3.1/thumb/v7e-m+dp/hard/crtn.o
                0x0000000020080000                _estack = (ORIGIN (RAM) + LENGTH (RAM))
                0x0000000000000200                _Min_Heap_Size = 0x200
                0x0000000000000400                _Min_Stack_Size = 0x400

.isr_vector     0x0000000008000000      0x1f8
                0x0000000008000000                . = ALIGN (0x4)
 *(.isr_vector)
 .isr_vector    0x0000000008000000      0x1f8 ./GCC/startup_stm32f769nihx.o
                0x0000000008000000                g_pfnVectors
                0x00000000080001f8                . = ALIGN (0x4)

.text           0x0000000008000200     0x6f58
                0x0000000008000200                . = ALIGN (0x4)
 *(.text)
 .text          0x0000000008000200       0x40 c:/st/stm32cubeide_1.7.0/stm32cubeide/plugins/com.st.stm32cube.ide.mcu.externaltools.gnu-tools-for-stm32.9-2020-q2-update.win32_2.0.0.202105311346/tools/bin/../lib/gcc/arm-none-eabi/9.3.1/thumb/v7e-m+dp/hard/crtbegin.o
 .text          0x0000000008000240       0x34 ./GCC/RTOScontext.o
                0x0000000008000240                save_context
                0x000000000800025a                load_context
 .text          0x0000000008000274       0x10 c:/st/stm32cubeide_1.7.0/stm32cubeide/plugins/com.st.stm32cube.ide.mcu.externaltools.gnu-tools-for-stm32.9-2020-q2-update.win32_2.0.0.202105311346/tools/bin/../lib/gcc/arm-none-eabi/9.3.1/../../../../arm-none-eabi/lib/thumb/v7e-m+dp/hard\libc_nano.a(lib_a-strlen.o)
                0x0000000008000274                strlen
 *fill*         0x0000000008000284        0xc 
 .text          0x0000000008000290       0xa0 c:/st/stm32cubeide_1.7.0/stm32cubeide/plugins/com.st.stm32cube.ide.mcu.externaltools.gnu-tools-for-stm32.9-2020-q2-update.win32_2.0.0.202105311346/tools/bin/../lib/gcc/arm-none-eabi/9.3.1/../../../../arm-none-eabi/lib/thumb/v7e-m+dp/hard\libc_nano.a(lib_a-memchr.o)
                0x0000000008000290                memchr
 *(.text*)
 .text.Reset_Handler
                0x0000000008000330       0x50 ./GCC/startup_stm32f769nihx.o
                0x0000000008000330                Reset_Handler
 .text.Default_Handler
                0x0000000008000380        0x2 ./GCC/startup_stm32f769nihx.o
                0x0000000008000380                HASH_RNG_IRQHandler
                0x0000000008000380                EXTI2_IRQHandler
                0x0000000008000380                DebugMon_Handler
                0x0000000008000380                UART8_IRQHandler
                0x0000000008000380                SPI4_IRQHandler
                0x0000000008000380                QuadSPI_IRQHandler
                0x0000000008000380                DMA2_Stream5_IRQHandler
                0x0000000008000380                HardFault_Handler
                0x0000000008000380                JPEG_IRQHandler
                0x0000000008000380                DSIHOST_IRQHandler
                0x0000000008000380                DMA1_Stream5_IRQHandler
                0x0000000008000380                CAN3_RX1_IRQHandler
                0x0000000008000380                PVD_IRQHandler
                0x0000000008000380                TAMP_STAMP_IRQHandler
                0x0000000008000380                NMI_Handler
                0x0000000008000380                CAN2_RX1_IRQHandler
                0x0000000008000380                EXTI3_IRQHandler
                0x0000000008000380                TIM8_TRG_COM_TIM14_IRQHandler
                0x0000000008000380                DFSDM1_FLT1_IRQHandler
                0x0000000008000380                TIM8_UP_TIM13_IRQHandler
                0x0000000008000380                I2C3_ER_IRQHandler
                0x0000000008000380                DFSDM1_FLT2_IRQHandler
                0x0000000008000380                LCD_TFT_IRQHandler
                0x0000000008000380                EXTI0_IRQHandler
                0x0000000008000380                DMA1_Stream2_IRQHandler
                0x0000000008000380                CAN1_RX0_IRQHandler
                0x0000000008000380                FPU_IRQHandler
                0x0000000008000380                OTG_HS_WKUP_IRQHandler
                0x0000000008000380                CAN3_SCE_IRQHandler
                0x0000000008000380                UsageFault_Handler
                0x0000000008000380                CAN2_SCE_IRQHandler
                0x0000000008000380                DMA2_Stream2_IRQHandler
                0x0000000008000380                SPI1_IRQHandler
                0x0000000008000380                TIM6_DAC_IRQHandler
                0x0000000008000380                TIM1_BRK_TIM9_IRQHandler
                0x0000000008000380                DCMI_IRQHandler
                0x0000000008000380                CAN2_RX0_IRQHandler
                0x0000000008000380                DMA2_Stream3_IRQHandler
                0x0000000008000380                RTC_ALARM_IRQHandler
                0x0000000008000380                SAI2_IRQHandler
                0x0000000008000380                DFSDM1_FLT3_IRQHandler
                0x0000000008000380                CAN3_RX0_IRQHandler
                0x0000000008000380                CAN1_RX1_IRQHandler
                0x0000000008000380                DMA2_Stream0_IRQHandler
                0x0000000008000380                I2C1_EV_IRQHandler
                0x0000000008000380                HDMI_CEC_IRQHandler
                0x0000000008000380                DMA1_Stream6_IRQHandler
                0x0000000008000380                DMA1_Stream1_IRQHandler
                0x0000000008000380                LCD_TFT_1_IRQHandler
                0x0000000008000380                RCC_IRQHandler
                0x0000000008000380                TIM8_BRK_TIM12_IRQHandler
                0x0000000008000380                Default_Handler
                0x0000000008000380                EXTI15_10_IRQHandler
                0x0000000008000380                DMA1_Stream7_IRQHandler
                0x0000000008000380                SPI5_IRQHandler
                0x0000000008000380                LPTimer1_IRQHandler
                0x0000000008000380                SDMMC1_IRQHandler
                0x0000000008000380                CAN2_TX_IRQHandler
                0x0000000008000380                DMA2_Stream7_IRQHandler
                0x0000000008000380                I2C3_EV_IRQHandler
                0x0000000008000380                EXTI9_5_IRQHandler
                0x0000000008000380                RTC_WKUP_IRQHandler
                0x0000000008000380                ETH_WKUP_IRQHandler
                0x0000000008000380                SPI2_IRQHandler
                0x0000000008000380                OTG_HS_EP1_IN_IRQHandler
                0x0000000008000380                MemManage_Handler
                0x0000000008000380                DMA1_Stream0_IRQHandler
                0x0000000008000380                CAN1_TX_IRQHandler
                0x0000000008000380                SVC_Handler
                0x0000000008000380                EXTI4_IRQHandler
                0x0000000008000380                ETH_IRQHandler
                0x0000000008000380                OTG_HS_EP1_OUT_IRQHandler
                0x0000000008000380                WWDG_IRQHandler
                0x0000000008000380                SPI6_IRQHandler
                0x0000000008000380                MDIOS_IRQHandler
                0x0000000008000380                I2C4_EV_IRQHandler
                0x0000000008000380                CAN3_TX_IRQHandler
                0x0000000008000380                TIM2_IRQHandler
                0x0000000008000380                OTG_FS_WKUP_IRQHandler
                0x0000000008000380                TIM1_TRG_COM_TIM11_IRQHandler
                0x0000000008000380                OTG_HS_IRQHandler
                0x0000000008000380                DMA2D_IRQHandler
                0x0000000008000380                EXTI1_IRQHandler
                0x0000000008000380                SDMMC2_IRQHandler
                0x0000000008000380                UART7_IRQHandler
                0x0000000008000380                DFSDM1_FLT0_IRQHandler
                0x0000000008000380                SPDIFRX_IRQHandler
                0x0000000008000380                DMA2_Stream1_IRQHandler
                0x0000000008000380                CAN1_SCE_IRQHandler
                0x0000000008000380                FLASH_IRQHandler
                0x0000000008000380                DMA2_Stream4_IRQHandler
                0x0000000008000380                BusFault_Handler
                0x0000000008000380                SPI3_IRQHandler
                0x0000000008000380                DMA1_Stream4_IRQHandler
                0x0000000008000380                I2C1_ER_IRQHandler
                0x0000000008000380                FMC_IRQHandler
                0x0000000008000380                I2C4_ER_IRQHandler
                0x0000000008000380                DMA2_Stream6_IRQHandler
                0x0000000008000380                SAI1_IRQHandler
                0x0000000008000380                DMA1_Stream3_IRQHandler
 *fill*         0x0000000008000382        0x2 
 .text._ZN7cHwLTDC4InitEtt
                0x0000000008000384       0xac ./Src/Disp_OTM8009A.o
                0x0000000008000384                cHwLTDC::Init(unsigned short, unsigned short)
 .text._ZN7cHwLTDC11LayerConfigEmmh
                0x0000000008000430       0xcc ./Src/Disp_OTM8009A.o
                0x0000000008000430                cHwLTDC::LayerConfig(unsigned long, unsigned long, unsigned char)
 *fill*         0x00000000080004fc        0x4 
 .text._ZN6cHwDSI4InitEttb
                0x0000000008000500      0x1e0 ./Src/Disp_OTM8009A.o
                0x0000000008000500                cHwDSI::Init(unsigned short, unsigned short, bool)
 .text._ZN6cHwDSI9startLTDCEtt
                0x00000000080006e0       0x40 ./Src/Disp_OTM8009A.o
                0x00000000080006e0                cHwDSI::startLTDC(unsigned short, unsigned short)
 .text._ZN6cHwDSI14DisplayRefreshEv
                0x0000000008000720       0x28 ./Src/Disp_OTM8009A.o
                0x0000000008000720                cHwDSI::DisplayRefresh()
 .text._ZN17cHwDisplayGraphic7refreshEv
                0x0000000008000748       0x14 ./Src/Disp_OTM8009A.o
                0x0000000008000748                cHwDisplayGraphic::refresh()
 .text._ZN17cHwDisplayGraphic14getDefaultFontEv
                0x000000000800075c       0x24 ./Src/Disp_OTM8009A.o
                0x000000000800075c                cHwDisplayGraphic::getDefaultFont()
 .text._ZN17cHwDisplayGraphic8getWidthEv
                0x0000000008000780       0x1a ./Src/Disp_OTM8009A.o
                0x0000000008000780                cHwDisplayGraphic::getWidth()
 .text._ZN17cHwDisplayGraphic9getHeightEv
                0x000000000800079a       0x1a ./Src/Disp_OTM8009A.o
                0x000000000800079a                cHwDisplayGraphic::getHeight()
 .text._ZN16cHwDisp_OTM8009AC2ER6cHwDSIRN7cHwPort3PinENS_11OrientationE14cHwDisplayFonth
                0x00000000080007b4       0xc8 ./Src/Disp_OTM8009A.o
                0x00000000080007b4                cHwDisp_OTM8009A::cHwDisp_OTM8009A(cHwDSI&, cHwPort::Pin&, cHwDisp_OTM8009A::Orientation, cHwDisplayFont, unsigned char)
                0x00000000080007b4                cHwDisp_OTM8009A::cHwDisp_OTM8009A(cHwDSI&, cHwPort::Pin&, cHwDisp_OTM8009A::Orientation, cHwDisplayFont, unsigned char)
 .text._ZN16cHwDisp_OTM8009A4initEv
                0x000000000800087c      0xccc ./Src/Disp_OTM8009A.o
                0x000000000800087c                cHwDisp_OTM8009A::init()
 .text._ZN19cHwDisp_OTM8009AramC2ER6cHwDSIRN7cHwPort3PinEN16cHwDisp_OTM8009A11OrientationE14cHwDisplayFonth
                0x0000000008001548       0xa4 ./Src/Disp_OTM8009A.o
                0x0000000008001548                cHwDisp_OTM8009Aram::cHwDisp_OTM8009Aram(cHwDSI&, cHwPort::Pin&, cHwDisp_OTM8009A::Orientation, cHwDisplayFont, unsigned char)
                0x0000000008001548                cHwDisp_OTM8009Aram::cHwDisp_OTM8009Aram(cHwDSI&, cHwPort::Pin&, cHwDisp_OTM8009A::Orientation, cHwDisplayFont, unsigned char)
 .text._ZN19cHwDisp_OTM8009Aram7refreshEv
                0x00000000080015ec       0x1a ./Src/Disp_OTM8009A.o
                0x00000000080015ec                cHwDisp_OTM8009Aram::refresh()
 .text._ZN19cHwDisp_OTM8009Aram5clearEv
                0x0000000008001606       0x4e ./Src/Disp_OTM8009A.o
                0x0000000008001606                cHwDisp_OTM8009Aram::clear()
 .text._ZN19cHwDisp_OTM8009Aram7setAreaEtttt
                0x0000000008001654       0x7c ./Src/Disp_OTM8009A.o
                0x0000000008001654                cHwDisp_OTM8009Aram::setArea(unsigned short, unsigned short, unsigned short, unsigned short)
 .text._ZN19cHwDisp_OTM8009Aram8setPixelEttt
                0x00000000080016d0       0x48 ./Src/Disp_OTM8009A.o
                0x00000000080016d0                cHwDisp_OTM8009Aram::setPixel(unsigned short, unsigned short, unsigned short)
 .text._ZN19cHwDisp_OTM8009Aram8setPixelEt
                0x0000000008001718       0x7a ./Src/Disp_OTM8009A.o
                0x0000000008001718                cHwDisp_OTM8009Aram::setPixel(unsigned short)
 *fill*         0x0000000008001792        0x2 
 .text.__NVIC_EnableIRQ
                0x0000000008001794       0x3c ./Src/lib.o
 .text._Znaj    0x00000000080017d0       0x18 ./Src/lib.o
                0x00000000080017d0                operator new[](unsigned int)
 .text._ZN8cHwTimerC2Ev
                0x00000000080017e8       0x28 ./Src/lib.o
                0x00000000080017e8                cHwTimer::cHwTimer()
                0x00000000080017e8                cHwTimer::cHwTimer()
 .text._ZN7cHwPort3Pin7setModeENS_4ModeE
                0x0000000008001810       0x2a ./Src/lib.o
                0x0000000008001810                cHwPort::Pin::setMode(cHwPort::Mode)
 .text._ZN7cHwPort3Pin3setEv
                0x000000000800183a       0x26 ./Src/lib.o
                0x000000000800183a                cHwPort::Pin::set()
 .text._ZN7cHwPort3Pin3setEb
                0x0000000008001860       0x48 ./Src/lib.o
                0x0000000008001860                cHwPort::Pin::set(bool)
 .text._ZN7cHwPort3Pin3clrEv
                0x00000000080018a8       0x26 ./Src/lib.o
                0x00000000080018a8                cHwPort::Pin::clr()
 .text._ZN7cHwPort3Pin3getEv
                0x00000000080018ce       0x34 ./Src/lib.o
                0x00000000080018ce                cHwPort::Pin::get()
 *fill*         0x0000000008001902        0x2 
 .text._ZN7cHwPortC2Ev
                0x0000000008001904       0x20 ./Src/lib.o
                0x0000000008001904                cHwPort::cHwPort()
                0x0000000008001904                cHwPort::cHwPort()
 .text._ZN14cHwI2Cmaster_N11waitForAcknEm
                0x0000000008001924       0x16 ./Src/lib.o
                0x0000000008001924                cHwI2Cmaster_N::waitForAckn(unsigned long)
 .text._ZN14cHwI2Cmaster_N5startEv
                0x000000000800193a       0x14 ./Src/lib.o
                0x000000000800193a                cHwI2Cmaster_N::start()
 .text._ZN14cHwI2Cmaster_N4stopEv
                0x000000000800194e       0x14 ./Src/lib.o
                0x000000000800194e                cHwI2Cmaster_N::stop()
 .text._ZN14cHwI2Cmaster_N8sendAddrEh
                0x0000000008001962       0x18 ./Src/lib.o
                0x0000000008001962                cHwI2Cmaster_N::sendAddr(unsigned char)
 .text._ZN14cHwI2Cmaster_N9writeByteEh
                0x000000000800197a       0x18 ./Src/lib.o
                0x000000000800197a                cHwI2Cmaster_N::writeByte(unsigned char)
 .text._ZN14cHwI2Cmaster_N11readByteAckEv
                0x0000000008001992       0x16 ./Src/lib.o
                0x0000000008001992                cHwI2Cmaster_N::readByteAck()
 .text._ZN14cHwI2Cmaster_N12readByteNackEv
                0x00000000080019a8       0x16 ./Src/lib.o
                0x00000000080019a8                cHwI2Cmaster_N::readByteNack()
 .text._ZN9cHwPort_N3setEm
                0x00000000080019be       0x1e ./Src/lib.o
                0x00000000080019be                cHwPort_N::set(unsigned long)
 .text._ZN9cHwPort_N3setEmm
                0x00000000080019dc       0x34 ./Src/lib.o
                0x00000000080019dc                cHwPort_N::set(unsigned long, unsigned long)
 .text._ZN9cHwPort_N3clrEm
                0x0000000008001a10       0x20 ./Src/lib.o
                0x0000000008001a10                cHwPort_N::clr(unsigned long)
 .text._ZN9cHwPort_N3getEv
                0x0000000008001a30       0x1a ./Src/lib.o
                0x0000000008001a30                cHwPort_N::get()
 *fill*         0x0000000008001a4a        0x2 
 .text._ZN6cHwRTC12getDayOfWeekEhht
                0x0000000008001a4c       0xa0 ./Src/lib.o
                0x0000000008001a4c                cHwRTC::getDayOfWeek(unsigned char, unsigned char, unsigned short)
 .text._ZN7cSystemC2Eh
                0x0000000008001aec       0x24 ./Src/lib.o
                0x0000000008001aec                cSystem::cSystem(unsigned char)
                0x0000000008001aec                cSystem::cSystem(unsigned char)
 .text._ZN7cSystem16disableInterruptEv
                0x0000000008001b10       0x24 ./Src/lib.o
                0x0000000008001b10                cSystem::disableInterrupt()
 .text._ZN7cSystem15enableInterruptEv
                0x0000000008001b34       0x34 ./Src/lib.o
                0x0000000008001b34                cSystem::enableInterrupt()
 .text._ZN7cSystem15disableWatchdogEv
                0x0000000008001b68        0xe ./Src/lib.o
                0x0000000008001b68                cSystem::disableWatchdog()
 .text._ZN7cSystem13delayMicroSecEt
                0x0000000008001b76       0x2c ./Src/lib.o
                0x0000000008001b76                cSystem::delayMicroSec(unsigned short)
 .text._ZN7cSystem13delayMilliSecEt
                0x0000000008001ba2       0x28 ./Src/lib.o
                0x0000000008001ba2                cSystem::delayMilliSec(unsigned short)
 *fill*         0x0000000008001bca        0x2 
 .text.SystemInit
                0x0000000008001bcc      0x314 ./Src/lib.o
                0x0000000008001bcc                SystemInit
 .text._ZN12cHwPinConfig3setEP12GPIO_TypeDefhmh
                0x0000000008001ee0      0x11a ./Src/lib.o
                0x0000000008001ee0                cHwPinConfig::set(GPIO_TypeDef*, unsigned char, unsigned long, unsigned char)
 *fill*         0x0000000008001ffa        0x2 
 .text._ZN12cHwPinConfig3setENS_8FunctionEm
                0x0000000008001ffc       0xc0 ./Src/lib.o
                0x0000000008001ffc                cHwPinConfig::set(cHwPinConfig::Function, unsigned long)
 .text.SysTick_Handler
                0x00000000080020bc       0x48 ./Src/lib.o
                0x00000000080020bc                SysTick_Handler
 .text.PendSV_Handler
                0x0000000008002104       0x38 ./Src/lib.o
                0x0000000008002104                PendSV_Handler
 .text.ADC_IRQHandler
                0x000000000800213c       0x30 ./Src/lib.o
                0x000000000800213c                ADC_IRQHandler
 .text._ZN14cHwI2Cmaster_NC2ENS_6I2C_IDEN12cHwI2Cmaster4MODEEh
                0x000000000800216c      0x204 ./Src/lib.o
                0x000000000800216c                cHwI2Cmaster_N::cHwI2Cmaster_N(cHwI2Cmaster_N::I2C_ID, cHwI2Cmaster::MODE, unsigned char)
                0x000000000800216c                cHwI2Cmaster_N::cHwI2Cmaster_N(cHwI2Cmaster_N::I2C_ID, cHwI2Cmaster::MODE, unsigned char)
 .text._ZN14cHwI2Cmaster_N5writeEhPhhS0_h
                0x0000000008002370      0x11e ./Src/lib.o
                0x0000000008002370                cHwI2Cmaster_N::write(unsigned char, unsigned char*, unsigned char, unsigned char*, unsigned char)
 .text._ZN14cHwI2Cmaster_N4readEhPhhS0_h
                0x000000000800248e      0x15e ./Src/lib.o
                0x000000000800248e                cHwI2Cmaster_N::read(unsigned char, unsigned char*, unsigned char, unsigned char*, unsigned char)
 .text._ZN9cHwPort_NC2ENS_6PortIdE
                0x00000000080025ec      0x154 ./Src/lib.o
                0x00000000080025ec                cHwPort_N::cHwPort_N(cHwPort_N::PortId)
                0x00000000080025ec                cHwPort_N::cHwPort_N(cHwPort_N::PortId)
 .text._ZN9cHwPort_N7setModeEmN7cHwPort4ModeE
                0x0000000008002740       0x48 ./Src/lib.o
                0x0000000008002740                cHwPort_N::setMode(unsigned long, cHwPort::Mode)
 .text._ZN9cHwPort_N10setPinModeEhN7cHwPort4ModeE
                0x0000000008002788       0xe4 ./Src/lib.o
                0x0000000008002788                cHwPort_N::setPinMode(unsigned char, cHwPort::Mode)
 .text._ZN8cHwRTC_0C2ENS_17RTC_ClockConfig_tE
                0x000000000800286c      0x124 ./Src/lib.o
                0x000000000800286c                cHwRTC_0::cHwRTC_0(cHwRTC_0::RTC_ClockConfig_t)
                0x000000000800286c                cHwRTC_0::cHwRTC_0(cHwRTC_0::RTC_ClockConfig_t)
 .text._ZN8cHwRTC_03setERKN6cHwRTC10PropertiesE
                0x0000000008002990      0x1f0 ./Src/lib.o
                0x0000000008002990                cHwRTC_0::set(cHwRTC::Properties const&)
 .text._ZN8cHwRTC_03getERN6cHwRTC10PropertiesE
                0x0000000008002b80      0x184 ./Src/lib.o
                0x0000000008002b80                cHwRTC_0::get(cHwRTC::Properties&)
 *fill*         0x0000000008002d04        0x4 
 .text._ZN10cHwTimer_NC2ENS_7TimerIdEm
                0x0000000008002d08      0x2f8 ./Src/lib.o
                0x0000000008002d08                cHwTimer_N::cHwTimer_N(cHwTimer_N::TimerId, unsigned long)
                0x0000000008002d08                cHwTimer_N::cHwTimer_N(cHwTimer_N::TimerId, unsigned long)
 .text._ZN10cHwTimer_N9enablePWMEhN8cHwTimer4ModeE
                0x0000000008003000      0x3c4 ./Src/lib.o
                0x0000000008003000                cHwTimer_N::enablePWM(unsigned char, cHwTimer::Mode)
 .text._ZN10cHwTimer_N6setPWMEth
                0x00000000080033c4       0x70 ./Src/lib.o
                0x00000000080033c4                cHwTimer_N::setPWM(unsigned short, unsigned char)
 .text._ZN10cHwTimer_N5isr_NEv
                0x0000000008003434       0x26 ./Src/lib.o
                0x0000000008003434                cHwTimer_N::isr_N()
 *fill*         0x000000000800345a        0x2 
 .text.TIM3_IRQHandler
                0x000000000800345c       0x18 ./Src/lib.o
                0x000000000800345c                TIM3_IRQHandler
 .text.TIM4_IRQHandler
                0x0000000008003474       0x18 ./Src/lib.o
                0x0000000008003474                TIM4_IRQHandler
 .text.TIM5_IRQHandler
                0x000000000800348c       0x18 ./Src/lib.o
                0x000000000800348c                TIM5_IRQHandler
 .text.TIM7_IRQHandler
                0x00000000080034a4       0x18 ./Src/lib.o
                0x00000000080034a4                TIM7_IRQHandler
 .text.TIM8_CC_IRQHandler
                0x00000000080034bc       0x18 ./Src/lib.o
                0x00000000080034bc                TIM8_CC_IRQHandler
 .text._ZN9cHwUART_NC2ENS_8USART_IdEmhh
                0x00000000080034d4      0x368 ./Src/lib.o
                0x00000000080034d4                cHwUART_N::cHwUART_N(cHwUART_N::USART_Id, unsigned long, unsigned char, unsigned char)
                0x00000000080034d4                cHwUART_N::cHwUART_N(cHwUART_N::USART_Id, unsigned long, unsigned char, unsigned char)
 .text._ZN9cHwUART_N7getByteEv
                0x000000000800383c       0x1c ./Src/lib.o
                0x000000000800383c                cHwUART_N::getByte()
 .text._ZN9cHwUART_N7setByteEh
                0x0000000008003858       0x20 ./Src/lib.o
                0x0000000008003858                cHwUART_N::setByte(unsigned char)
 .text._ZN9cHwUART_N3isrEv
                0x0000000008003878       0x6c ./Src/lib.o
                0x0000000008003878                cHwUART_N::isr()
 .text.USART1_IRQHandler
                0x00000000080038e4       0x18 ./Src/lib.o
                0x00000000080038e4                USART1_IRQHandler
 .text.USART2_IRQHandler
                0x00000000080038fc       0x18 ./Src/lib.o
                0x00000000080038fc                USART2_IRQHandler
 .text.USART3_IRQHandler
                0x0000000008003914       0x18 ./Src/lib.o
                0x0000000008003914                USART3_IRQHandler
 .text.UART4_IRQHandler
                0x000000000800392c       0x18 ./Src/lib.o
                0x000000000800392c                UART4_IRQHandler
 .text.UART5_IRQHandler
                0x0000000008003944       0x18 ./Src/lib.o
                0x0000000008003944                UART5_IRQHandler
 .text.USART6_IRQHandler
                0x000000000800395c       0x18 ./Src/lib.o
                0x000000000800395c                USART6_IRQHandler
 .text._ZN8cHwUSB_010EndpointIN6configEth
                0x0000000008003974       0x98 ./Src/lib.o
                0x0000000008003974                cHwUSB_0::EndpointIN::config(unsigned short, unsigned char)
 .text._ZN8cHwUSB_010EndpointIN11writeToFifoEv
                0x0000000008003a0c       0xb0 ./Src/lib.o
                0x0000000008003a0c                cHwUSB_0::EndpointIN::writeToFifo()
 .text._ZN8cHwUSB_010EndpointIN8transmitEb
                0x0000000008003abc       0xd0 ./Src/lib.o
                0x0000000008003abc                cHwUSB_0::EndpointIN::transmit(bool)
 .text._ZN8cHwUSB_010EndpointIN11transmitZLPEv
                0x0000000008003b8c       0x50 ./Src/lib.o
                0x0000000008003b8c                cHwUSB_0::EndpointIN::transmitZLP()
 .text._ZN8cHwUSB_010EndpointIN12getInterruptEv
                0x0000000008003bdc       0x3c ./Src/lib.o
                0x0000000008003bdc                cHwUSB_0::EndpointIN::getInterrupt()
 .text._ZN8cHwUSB_010EndpointIN12clrInterruptEm
                0x0000000008003c18       0x20 ./Src/lib.o
                0x0000000008003c18                cHwUSB_0::EndpointIN::clrInterrupt(unsigned long)
 .text._ZN8cHwUSB_011EndpointOUT6configEth
                0x0000000008003c38       0x9c ./Src/lib.o
                0x0000000008003c38                cHwUSB_0::EndpointOUT::config(unsigned short, unsigned char)
 .text._ZN8cHwUSB_011EndpointOUT12readFromFifoEt
                0x0000000008003cd4       0x64 ./Src/lib.o
                0x0000000008003cd4                cHwUSB_0::EndpointOUT::readFromFifo(unsigned short)
 .text._ZN8cHwUSB_011EndpointOUT7receiveEv
                0x0000000008003d38       0xac ./Src/lib.o
                0x0000000008003d38                cHwUSB_0::EndpointOUT::receive()
 .text._ZN8cHwUSB_011EndpointOUT10receiveZLPEv
                0x0000000008003de4       0x58 ./Src/lib.o
                0x0000000008003de4                cHwUSB_0::EndpointOUT::receiveZLP()
 .text._ZN8cHwUSB_011EndpointOUT12getInterruptEv
                0x0000000008003e3c       0x28 ./Src/lib.o
                0x0000000008003e3c                cHwUSB_0::EndpointOUT::getInterrupt()
 .text._ZN8cHwUSB_011EndpointOUT12clrInterruptEm
                0x0000000008003e64       0x20 ./Src/lib.o
                0x0000000008003e64                cHwUSB_0::EndpointOUT::clrInterrupt(unsigned long)
 .text._ZN8cHwUSB_03isrEv
                0x0000000008003e84      0x534 ./Src/lib.o
                0x0000000008003e84                cHwUSB_0::isr()
 .text._ZN8cHwUSB_014getInInterruptEv
                0x00000000080043b8       0x24 ./Src/lib.o
                0x00000000080043b8                cHwUSB_0::getInInterrupt()
 .text._ZN8cHwUSB_015getOutInterruptEv
                0x00000000080043dc       0x28 ./Src/lib.o
                0x00000000080043dc                cHwUSB_0::getOutInterrupt()
 .text._ZN8cHwUSB_018isInterruptPendingEm
                0x0000000008004404       0x34 ./Src/lib.o
                0x0000000008004404                cHwUSB_0::isInterruptPending(unsigned long)
 .text._ZN8cHwUSB_012clrInterruptEm
                0x0000000008004438       0x26 ./Src/lib.o
                0x0000000008004438                cHwUSB_0::clrInterrupt(unsigned long)
 *fill*         0x000000000800445e        0x2 
 .text.OTG_FS_IRQHandler
                0x0000000008004460       0x20 ./Src/lib.o
                0x0000000008004460                OTG_FS_IRQHandler
 .text._ZN10cHwDisplayC2Ehh
                0x0000000008004480       0x38 ./Src/lib.o
                0x0000000008004480                cHwDisplay::cHwDisplay(unsigned char, unsigned char)
                0x0000000008004480                cHwDisplay::cHwDisplay(unsigned char, unsigned char)
 .text._ZN10cHwDisplay16getNumberOfLinesEv
                0x00000000080044b8       0x1a ./Src/lib.o
                0x00000000080044b8                cHwDisplay::getNumberOfLines()
 .text._ZN10cHwDisplay18getNumberOfColumnsEv
                0x00000000080044d2       0x1a ./Src/lib.o
                0x00000000080044d2                cHwDisplay::getNumberOfColumns()
 .text._ZN14cHwDisplayFontC2EPK24cHwDisplayFontPropertiesPKh
                0x00000000080044ec       0x2e ./Src/lib.o
                0x00000000080044ec                cHwDisplayFont::cHwDisplayFont(cHwDisplayFontProperties const*, unsigned char const*)
                0x00000000080044ec                cHwDisplayFont::cHwDisplayFont(cHwDisplayFontProperties const*, unsigned char const*)
 .text._ZNK14cHwDisplayFont12getCharWidthEv
                0x000000000800451a       0x1a ./Src/lib.o
                0x000000000800451a                cHwDisplayFont::getCharWidth() const
 .text._ZNK14cHwDisplayFont13getCharHeightEv
                0x0000000008004534       0x1a ./Src/lib.o
                0x0000000008004534                cHwDisplayFont::getCharHeight() const
 .text._ZN14cHwDisplayFont7setCharEh
                0x000000000800454e       0x56 ./Src/lib.o
                0x000000000800454e                cHwDisplayFont::setChar(unsigned char)
 .text._ZN14cHwDisplayFont8getPixelEhh
                0x00000000080045a4       0x62 ./Src/lib.o
                0x00000000080045a4                cHwDisplayFont::getPixel(unsigned char, unsigned char)
 *fill*         0x0000000008004606        0x2 
 .text._ZN17cHwDisplayGraphicC2E14cHwDisplayFonth
                0x0000000008004608       0x64 ./Src/lib.o
                0x0000000008004608                cHwDisplayGraphic::cHwDisplayGraphic(cHwDisplayFont, unsigned char)
                0x0000000008004608                cHwDisplayGraphic::cHwDisplayGraphic(cHwDisplayFont, unsigned char)
 .text._ZN17cHwDisplayGraphic7setFontE14cHwDisplayFonth
                0x000000000800466c       0x2e ./Src/lib.o
                0x000000000800466c                cHwDisplayGraphic::setFont(cHwDisplayFont, unsigned char)
 .text._ZN17cHwDisplayGraphic7setZoomEh
                0x000000000800469a       0x20 ./Src/lib.o
                0x000000000800469a                cHwDisplayGraphic::setZoom(unsigned char)
 .text._ZN17cHwDisplayGraphic12setBackColorEt
                0x00000000080046ba       0x1e ./Src/lib.o
                0x00000000080046ba                cHwDisplayGraphic::setBackColor(unsigned short)
 .text._ZN17cHwDisplayGraphic13setPaintColorEt
                0x00000000080046d8       0x1e ./Src/lib.o
                0x00000000080046d8                cHwDisplayGraphic::setPaintColor(unsigned short)
 .text._ZN17cHwDisplayGraphic12setTextColorEt
                0x00000000080046f6       0x1e ./Src/lib.o
                0x00000000080046f6                cHwDisplayGraphic::setTextColor(unsigned short)
 .text._ZN17cHwDisplayGraphic12gotoPixelPosEtt
                0x0000000008004714       0x28 ./Src/lib.o
                0x0000000008004714                cHwDisplayGraphic::gotoPixelPos(unsigned short, unsigned short)
 .text._ZN17cHwDisplayGraphic11gotoTextPosEhh
                0x000000000800473c       0x6c ./Src/lib.o
                0x000000000800473c                cHwDisplayGraphic::gotoTextPos(unsigned char, unsigned char)
 .text._ZN17cHwDisplayGraphic7putCharEc
                0x00000000080047a8      0x15c ./Src/lib.o
                0x00000000080047a8                cHwDisplayGraphic::putChar(char)
 .text._ZN17cHwDisplayGraphic8putPixelEtt
                0x0000000008004904       0x2c ./Src/lib.o
                0x0000000008004904                cHwDisplayGraphic::putPixel(unsigned short, unsigned short)
 .text._ZN17cHwDisplayGraphic12putRectangleEtttt
                0x0000000008004930       0x74 ./Src/lib.o
                0x0000000008004930                cHwDisplayGraphic::putRectangle(unsigned short, unsigned short, unsigned short, unsigned short)
 .text._ZN17cHwDisplayGraphic9putBitmapEttttPKt
                0x00000000080049a4       0x78 ./Src/lib.o
                0x00000000080049a4                cHwDisplayGraphic::putBitmap(unsigned short, unsigned short, unsigned short, unsigned short, unsigned short const*)
 .text._ZN12cHwI2CmasterC2Eh
                0x0000000008004a1c       0x30 ./Src/lib.o
                0x0000000008004a1c                cHwI2Cmaster::cHwI2Cmaster(unsigned char)
                0x0000000008004a1c                cHwI2Cmaster::cHwI2Cmaster(unsigned char)
 .text._ZN12cHwI2Cmaster6Device4readEv
                0x0000000008004a4c       0x48 ./Src/lib.o
                0x0000000008004a4c                cHwI2Cmaster::Device::read()
 .text._ZN12cHwI2Cmaster6Device4readEh
                0x0000000008004a94       0x4c ./Src/lib.o
                0x0000000008004a94                cHwI2Cmaster::Device::read(unsigned char)
 .text._ZN12cHwI2Cmaster6Device4readEt
                0x0000000008004ae0       0x5c ./Src/lib.o
                0x0000000008004ae0                cHwI2Cmaster::Device::read(unsigned short)
 .text._ZN12cHwI2Cmaster6Device4readEPhh
                0x0000000008004b3c       0x46 ./Src/lib.o
                0x0000000008004b3c                cHwI2Cmaster::Device::read(unsigned char*, unsigned char)
 .text._ZN12cHwI2Cmaster6Device4readEhPhh
                0x0000000008004b82       0x4e ./Src/lib.o
                0x0000000008004b82                cHwI2Cmaster::Device::read(unsigned char, unsigned char*, unsigned char)
 .text._ZN12cHwI2Cmaster6Device4readEtPhh
                0x0000000008004bd0       0x5c ./Src/lib.o
                0x0000000008004bd0                cHwI2Cmaster::Device::read(unsigned short, unsigned char*, unsigned char)
 .text._ZN12cHwI2Cmaster6Device5writeEh
                0x0000000008004c2c       0x42 ./Src/lib.o
                0x0000000008004c2c                cHwI2Cmaster::Device::write(unsigned char)
 .text._ZN12cHwI2Cmaster6Device5writeEhh
                0x0000000008004c6e       0x46 ./Src/lib.o
                0x0000000008004c6e                cHwI2Cmaster::Device::write(unsigned char, unsigned char)
 .text._ZN12cHwI2Cmaster6Device5writeEth
                0x0000000008004cb4       0x56 ./Src/lib.o
                0x0000000008004cb4                cHwI2Cmaster::Device::write(unsigned short, unsigned char)
 .text._ZN12cHwI2Cmaster6Device5writeEPhh
                0x0000000008004d0a       0x44 ./Src/lib.o
                0x0000000008004d0a                cHwI2Cmaster::Device::write(unsigned char*, unsigned char)
 .text._ZN12cHwI2Cmaster6Device5writeEhPhh
                0x0000000008004d4e       0x4c ./Src/lib.o
                0x0000000008004d4e                cHwI2Cmaster::Device::write(unsigned char, unsigned char*, unsigned char)
 .text._ZN12cHwI2Cmaster6Device5writeEtPhh
                0x0000000008004d9a       0x5a ./Src/lib.o
                0x0000000008004d9a                cHwI2Cmaster::Device::write(unsigned short, unsigned char*, unsigned char)
 .text._ZN12cHwI2Cmaster6Device7isErrorEv
                0x0000000008004df4       0x22 ./Src/lib.o
                0x0000000008004df4                cHwI2Cmaster::Device::isError()
 .text._ZN12cHwI2Cmaster5writeEhPhhS0_h
                0x0000000008004e16       0xd8 ./Src/lib.o
                0x0000000008004e16                cHwI2Cmaster::write(unsigned char, unsigned char*, unsigned char, unsigned char*, unsigned char)
 .text._ZN12cHwI2Cmaster4readEhPhhS0_h
                0x0000000008004eee      0x112 ./Src/lib.o
                0x0000000008004eee                cHwI2Cmaster::read(unsigned char, unsigned char*, unsigned char, unsigned char*, unsigned char)
 .text._ZN7cHwPort3PinC2ERS_h
                0x0000000008005000       0x44 ./Src/lib.o
                0x0000000008005000                cHwPort::Pin::Pin(cHwPort&, unsigned char)
                0x0000000008005000                cHwPort::Pin::Pin(cHwPort&, unsigned char)
 .text._ZN6cHwRTCC2Ev
                0x0000000008005044       0x20 ./Src/lib.o
                0x0000000008005044                cHwRTC::cHwRTC()
                0x0000000008005044                cHwRTC::cHwRTC()
 .text._ZN8cHwTimer12getCycleTimeEv
                0x0000000008005064       0x18 ./Src/lib.o
                0x0000000008005064                cHwTimer::getCycleTime()
 .text._ZN8cHwTimer3addEPN5cList4ItemE
                0x000000000800507c       0x1e ./Src/lib.o
                0x000000000800507c                cHwTimer::add(cList::Item*)
 .text._ZN8cHwTimer10isrHandlerEv
                0x000000000800509a       0x1a ./Src/lib.o
                0x000000000800509a                cHwTimer::isrHandler()
 .text._ZN7cHwUARTC2Ehh
                0x00000000080050b4       0x48 ./Src/lib.o
                0x00000000080050b4                cHwUART::cHwUART(unsigned char, unsigned char)
                0x00000000080050b4                cHwUART::cHwUART(unsigned char, unsigned char)
 .text._ZN7cHwUART5isrRxEv
                0x00000000080050fc       0x30 ./Src/lib.o
                0x00000000080050fc                cHwUART::isrRx()
 .text._ZN7cHwUART5isrTxEv
                0x000000000800512c       0x5c ./Src/lib.o
                0x000000000800512c                cHwUART::isrTx()
 .text._ZN7cHwUART12transmitByteEh
                0x0000000008005188       0x66 ./Src/lib.o
                0x0000000008005188                cHwUART::transmitByte(unsigned char)
 .text._ZN7cHwUART3setEh
                0x00000000080051ee       0x24 ./Src/lib.o
                0x00000000080051ee                cHwUART::set(unsigned char)
 .text._ZN7cHwUART3setEPKhh
                0x0000000008005212       0x42 ./Src/lib.o
                0x0000000008005212                cHwUART::set(unsigned char const*, unsigned char)
 .text._ZN7cHwUART3setEPKc
                0x0000000008005254       0x32 ./Src/lib.o
                0x0000000008005254                cHwUART::set(char const*)
 .text._ZN7cHwUART14isTxBufferFullEv
                0x0000000008005286       0x26 ./Src/lib.o
                0x0000000008005286                cHwUART::isTxBufferFull()
 .text._ZN7cHwUART3getEPh
                0x00000000080052ac       0x42 ./Src/lib.o
                0x00000000080052ac                cHwUART::get(unsigned char*)
 .text._ZN7cHwUART3getEv
                0x00000000080052ee       0x32 ./Src/lib.o
                0x00000000080052ee                cHwUART::get()
 .text._ZN11cDevDisplayC2Ev
                0x0000000008005320       0x20 ./Src/lib.o
                0x0000000008005320                cDevDisplay::cDevDisplay()
                0x0000000008005320                cDevDisplay::cDevDisplay()
 .text._ZSt4sqrtf
                0x0000000008005340       0x20 ./Src/lib.o
                0x0000000008005340                std::sqrt(float)
 .text._ZN18cDevDisplayGraphicC2ER17cHwDisplayGraphic
                0x0000000008005360       0x34 ./Src/lib.o
                0x0000000008005360                cDevDisplayGraphic::cDevDisplayGraphic(cHwDisplayGraphic&)
                0x0000000008005360                cDevDisplayGraphic::cDevDisplayGraphic(cHwDisplayGraphic&)
 .text._ZN18cDevDisplayGraphic5clearEv
                0x0000000008005394       0x22 ./Src/lib.o
                0x0000000008005394                cDevDisplayGraphic::clear()
 .text._ZN18cDevDisplayGraphic7refreshEv
                0x00000000080053b6       0x22 ./Src/lib.o
                0x00000000080053b6                cDevDisplayGraphic::refresh()
 .text._ZN18cDevDisplayGraphic6printfEhhhPKcz
                0x00000000080053d8       0xb8 ./Src/lib.o
                0x00000000080053d8                cDevDisplayGraphic::printf(unsigned char, unsigned char, unsigned char, char const*, ...)
 .text._ZN18cDevDisplayGraphic7setFontE14cHwDisplayFonth
                0x0000000008005490       0x30 ./Src/lib.o
                0x0000000008005490                cDevDisplayGraphic::setFont(cHwDisplayFont, unsigned char)
 .text._ZN18cDevDisplayGraphic7setZoomEh
                0x00000000080054c0       0x28 ./Src/lib.o
                0x00000000080054c0                cDevDisplayGraphic::setZoom(unsigned char)
 .text._ZN18cDevDisplayGraphic12setBackColorEt
                0x00000000080054e8       0x28 ./Src/lib.o
                0x00000000080054e8                cDevDisplayGraphic::setBackColor(unsigned short)
 .text._ZN18cDevDisplayGraphic12setTextColorEt
                0x0000000008005510       0x28 ./Src/lib.o
                0x0000000008005510                cDevDisplayGraphic::setTextColor(unsigned short)
 .text._ZN18cDevDisplayGraphic8drawTextEtthPKcz
                0x0000000008005538       0xb8 ./Src/lib.o
                0x0000000008005538                cDevDisplayGraphic::drawText(unsigned short, unsigned short, unsigned char, char const*, ...)
 .text._ZN18cDevDisplayGraphic8drawTextEttPKc
                0x00000000080055f0       0x60 ./Src/lib.o
                0x00000000080055f0                cDevDisplayGraphic::drawText(unsigned short, unsigned short, char const*)
 .text._ZN18cDevDisplayGraphic9drawPixelEttt
                0x0000000008005650       0x4a ./Src/lib.o
                0x0000000008005650                cDevDisplayGraphic::drawPixel(unsigned short, unsigned short, unsigned short)
 .text._ZN18cDevDisplayGraphic13drawRectangleEttttt
                0x000000000800569a       0x52 ./Src/lib.o
                0x000000000800569a                cDevDisplayGraphic::drawRectangle(unsigned short, unsigned short, unsigned short, unsigned short, unsigned short)
 .text._ZN18cDevDisplayGraphic9drawFrameEtttttt
                0x00000000080056ec       0xaa ./Src/lib.o
                0x00000000080056ec                cDevDisplayGraphic::drawFrame(unsigned short, unsigned short, unsigned short, unsigned short, unsigned short, unsigned short)
 .text._ZN18cDevDisplayGraphic10drawCircleEtttt
                0x0000000008005796       0xe0 ./Src/lib.o
                0x0000000008005796                cDevDisplayGraphic::drawCircle(unsigned short, unsigned short, unsigned short, unsigned short)
 .text._ZN18cDevDisplayGraphic8drawLineEtttttt
                0x0000000008005876      0x200 ./Src/lib.o
                0x0000000008005876                cDevDisplayGraphic::drawLine(unsigned short, unsigned short, unsigned short, unsigned short, unsigned short, unsigned short)
 .text._ZN18cDevDisplayGraphic10drawBitmapEttttPKt
                0x0000000008005a76       0x42 ./Src/lib.o
                0x0000000008005a76                cDevDisplayGraphic::drawBitmap(unsigned short, unsigned short, unsigned short, unsigned short, unsigned short const*)
 .text._ZN18cDevDisplayGraphic14getDefaultFontEv
                0x0000000008005ab8       0x28 ./Src/lib.o
                0x0000000008005ab8                cDevDisplayGraphic::getDefaultFont()
 .text._ZN10cDevTextIOC2EhhPKcS1_
                0x0000000008005ae0       0x78 ./Src/lib.o
                0x0000000008005ae0                cDevTextIO::cDevTextIO(unsigned char, unsigned char, char const*, char const*)
                0x0000000008005ae0                cDevTextIO::cDevTextIO(unsigned char, unsigned char, char const*, char const*)
 .text._ZN10cDevTextIO6printfEPKcz
                0x0000000008005b58       0x52 ./Src/lib.o
                0x0000000008005b58                cDevTextIO::printf(char const*, ...)
 *fill*         0x0000000008005baa        0x2 
 .text._ZN15cDevTextIO_UARTC2ER7cHwUARThhPKcS3_
                0x0000000008005bac       0x40 ./Src/lib.o
                0x0000000008005bac                cDevTextIO_UART::cDevTextIO_UART(cHwUART&, unsigned char, unsigned char, char const*, char const*)
                0x0000000008005bac                cDevTextIO_UART::cDevTextIO_UART(cHwUART&, unsigned char, unsigned char, char const*, char const*)
 .text._ZN15cDevTextIO_UART3setEPhh
                0x0000000008005bec       0x2a ./Src/lib.o
                0x0000000008005bec                cDevTextIO_UART::set(unsigned char*, unsigned char)
 .text._ZN15cDevTextIO_UART3getEPh
                0x0000000008005c16       0x28 ./Src/lib.o
                0x0000000008005c16                cDevTextIO_UART::get(unsigned char*)
 .text.__cxa_pure_virtual
                0x0000000008005c3e        0x8 ./Src/lib.o
                0x0000000008005c3e                __cxa_pure_virtual
 .text._ZN5cListC2Ev
                0x0000000008005c46       0x1c ./Src/lib.o
                0x0000000008005c46                cList::cList()
                0x0000000008005c46                cList::cList()
 .text._ZN5cList3addEPNS_4ItemE
                0x0000000008005c62       0x56 ./Src/lib.o
                0x0000000008005c62                cList::add(cList::Item*)
 .text._ZN5cList9updateAllEv
                0x0000000008005cb8       0x2e ./Src/lib.o
                0x0000000008005cb8                cList::updateAll()
 .text._Z3MINIhET_S0_S0_
                0x0000000008005ce6       0x2a ./Src/lib.o
                0x0000000008005ce6                unsigned char MIN<unsigned char>(unsigned char, unsigned char)
 .text._ZN5cFifoIhEC2Eh
                0x0000000008005d10       0x48 ./Src/lib.o
                0x0000000008005d10                cFifo<unsigned char>::cFifo(unsigned char)
                0x0000000008005d10                cFifo<unsigned char>::cFifo(unsigned char)
 .text._ZN5cFifoIhElsERKh
                0x0000000008005d58       0x6c ./Src/lib.o
                0x0000000008005d58                cFifo<unsigned char>::operator<<(unsigned char const&)
 .text._ZN5cFifoIhE7isEmptyEv
                0x0000000008005dc4       0x2a ./Src/lib.o
                0x0000000008005dc4                cFifo<unsigned char>::isEmpty()
 .text._ZN5cFifoIhErsERh
                0x0000000008005dee       0x68 ./Src/lib.o
                0x0000000008005dee                cFifo<unsigned char>::operator>>(unsigned char&)
 .text._ZN5cFifoIhE6isFullEv
                0x0000000008005e56       0x2e ./Src/lib.o
                0x0000000008005e56                cFifo<unsigned char>::isFull()
 .text._ZN7cHwLTDCC2Em
                0x0000000008005e84       0x48 ./Src/main.o
                0x0000000008005e84                cHwLTDC::cHwLTDC(unsigned long)
                0x0000000008005e84                cHwLTDC::cHwLTDC(unsigned long)
 .text._ZN6cHwFMCC2ENS_7FMCtypeEb
                0x0000000008005ecc      0x2a0 ./Src/main.o
                0x0000000008005ecc                cHwFMC::cHwFMC(cHwFMC::FMCtype, bool)
                0x0000000008005ecc                cHwFMC::cHwFMC(cHwFMC::FMCtype, bool)
 .text._ZN6cHwFMC9startAddrEv
                0x000000000800616c       0x26 ./Src/main.o
                0x000000000800616c                cHwFMC::startAddr()
 *fill*         0x0000000008006192        0x2 
 .text._ZN6cHwFMC10SDRAM_InitEv
                0x0000000008006194      0x100 ./Src/main.o
                0x0000000008006194                cHwFMC::SDRAM_Init()
 .text._ZN6cHwFMC11SendCommandEmmm
                0x0000000008006294       0x7c ./Src/main.o
                0x0000000008006294                cHwFMC::SendCommand(unsigned long, unsigned long, unsigned long)
 .text._ZN6cHwDSIC2Em
                0x0000000008006310       0x54 ./Src/main.o
                0x0000000008006310                cHwDSI::cHwDSI(unsigned long)
                0x0000000008006310                cHwDSI::cHwDSI(unsigned long)
 .text._ZN6cHwDSI10writeShortEhh
                0x0000000008006364       0x4c ./Src/main.o
                0x0000000008006364                cHwDSI::writeShort(unsigned char, unsigned char)
 .text._ZN6cHwDSI9writeLongEPhm
                0x00000000080063b0       0x98 ./Src/main.o
                0x00000000080063b0                cHwDSI::writeLong(unsigned char*, unsigned long)
 .text._ZN12cHwI2Cmaster6DeviceC2ERS_h
                0x0000000008006448       0x38 ./Src/main.o
                0x0000000008006448                cHwI2Cmaster::Device::Device(cHwI2Cmaster&, unsigned char)
                0x0000000008006448                cHwI2Cmaster::Device::Device(cHwI2Cmaster&, unsigned char)
 .text.main     0x0000000008006480       0xb8 ./Src/main.o
                0x0000000008006480                main
 .text._ZNK18cHwDisplayFontDataILt96ELh12EEcv14cHwDisplayFontEv
                0x0000000008006538       0x20 ./Src/main.o
                0x0000000008006538                cHwDisplayFontData<(unsigned short)96, (unsigned char)12>::operator cHwDisplayFont() const
 .text._Z41__static_initialization_and_destruction_0ii
                0x0000000008006558      0x17c ./Src/main.o
 .text._GLOBAL__sub_I_sys
                0x00000000080066d4       0x10 ./Src/main.o
 .text.sqrtf    0x00000000080066e4       0x4c c:/st/stm32cubeide_1.7.0/stm32cubeide/plugins/com.st.stm32cube.ide.mcu.externaltools.gnu-tools-for-stm32.9-2020-q2-update.win32_2.0.0.202105311346/tools/bin/../lib/gcc/arm-none-eabi/9.3.1/../../../../arm-none-eabi/lib/thumb/v7e-m+dp/hard\libm.a(lib_a-wf_sqrt.o)
                0x00000000080066e4                sqrtf
 .text.__ieee754_sqrtf
                0x0000000008006730        0x6 c:/st/stm32cubeide_1.7.0/stm32cubeide/plugins/com.st.stm32cube.ide.mcu.externaltools.gnu-tools-for-stm32.9-2020-q2-update.win32_2.0.0.202105311346/tools/bin/../lib/gcc/arm-none-eabi/9.3.1/../../../../arm-none-eabi/lib/thumb/v7e-m+dp/hard\libm.a(lib_a-ef_sqrt.o)
                0x0000000008006730                __ieee754_sqrtf
 .text.abort    0x0000000008006736        0xe c:/st/stm32cubeide_1.7.0/stm32cubeide/plugins/com.st.stm32cube.ide.mcu.externaltools.gnu-tools-for-stm32.9-2020-q2-update.win32_2.0.0.202105311346/tools/bin/../lib/gcc/arm-none-eabi/9.3.1/../../../../arm-none-eabi/lib/thumb/v7e-m+dp/hard\libc_nano.a(lib_a-abort.o)
                0x0000000008006736                abort
 .text.__errno  0x0000000008006744        0xc c:/st/stm32cubeide_1.7.0/stm32cubeide/plugins/com.st.stm32cube.ide.mcu.externaltools.gnu-tools-for-stm32.9-2020-q2-update.win32_2.0.0.202105311346/tools/bin/../lib/gcc/arm-none-eabi/9.3.1/../../../../arm-none-eabi/lib/thumb/v7e-m+dp/hard\libc_nano.a(lib_a-errno.o)
                0x0000000008006744                __errno
 .text.__libc_init_array
                0x0000000008006750       0x48 c:/st/stm32cubeide_1.7.0/stm32cubeide/plugins/com.st.stm32cube.ide.mcu.externaltools.gnu-tools-for-stm32.9-2020-q2-update.win32_2.0.0.202105311346/tools/bin/../lib/gcc/arm-none-eabi/9.3.1/../../../../arm-none-eabi/lib/thumb/v7e-m+dp/hard\libc_nano.a(lib_a-init.o)
                0x0000000008006750                __libc_init_array
 .text.malloc   0x0000000008006798       0x10 c:/st/stm32cubeide_1.7.0/stm32cubeide/plugins/com.st.stm32cube.ide.mcu.externaltools.gnu-tools-for-stm32.9-2020-q2-update.win32_2.0.0.202105311346/tools/bin/../lib/gcc/arm-none-eabi/9.3.1/../../../../arm-none-eabi/lib/thumb/v7e-m+dp/hard\libc_nano.a(lib_a-malloc.o)
                0x0000000008006798                malloc
 .text.memcpy   0x00000000080067a8       0x1c c:/st/stm32cubeide_1.7.0/stm32cubeide/plugins/com.st.stm32cube.ide.mcu.externaltools.gnu-tools-for-stm32.9-2020-q2-update.win32_2.0.0.202105311346/tools/bin/../lib/gcc/arm-none-eabi/9.3.1/../../../../arm-none-eabi/lib/thumb/v7e-m+dp/hard\libc_nano.a(lib_a-memcpy-stub.o)
                0x00000000080067a8                memcpy
 .text._free_r  0x00000000080067c4       0xa0 c:/st/stm32cubeide_1.7.0/stm32cubeide/plugins/com.st.stm32cube.ide.mcu.externaltools.gnu-tools-for-stm32.9-2020-q2-update.win32_2.0.0.202105311346/tools/bin/../lib/gcc/arm-none-eabi/9.3.1/../../../../arm-none-eabi/lib/thumb/v7e-m+dp/hard\libc_nano.a(lib_a-nano-freer.o)
                0x00000000080067c4                _free_r
 .text._malloc_r
                0x0000000008006864       0xb4 c:/st/stm32cubeide_1.7.0/stm32cubeide/plugins/com.st.stm32cube.ide.mcu.externaltools.gnu-tools-for-stm32.9-2020-q2-update.win32_2.0.0.202105311346/tools/bin/../lib/gcc/arm-none-eabi/9.3.1/../../../../arm-none-eabi/lib/thumb/v7e-m+dp/hard\libc_nano.a(lib_a-nano-mallocr.o)
                0x0000000008006864                _malloc_r
 .text._sbrk_r  0x0000000008006918       0x20 c:/st/stm32cubeide_1.7.0/stm32cubeide/plugins/com.st.stm32cube.ide.mcu.externaltools.gnu-tools-for-stm32.9-2020-q2-update.win32_2.0.0.202105311346/tools/bin/../lib/gcc/arm-none-eabi/9.3.1/../../../../arm-none-eabi/lib/thumb/v7e-m+dp/hard\libc_nano.a(lib_a-sbrkr.o)
                0x0000000008006918                _sbrk_r
 .text._raise_r
                0x0000000008006938       0x50 c:/st/stm32cubeide_1.7.0/stm32cubeide/plugins/com.st.stm32cube.ide.mcu.externaltools.gnu-tools-for-stm32.9-2020-q2-update.win32_2.0.0.202105311346/tools/bin/../lib/gcc/arm-none-eabi/9.3.1/../../../../arm-none-eabi/lib/thumb/v7e-m+dp/hard\libc_nano.a(lib_a-signal.o)
                0x0000000008006938                _raise_r
 .text.raise    0x0000000008006988       0x10 c:/st/stm32cubeide_1.7.0/stm32cubeide/plugins/com.st.stm32cube.ide.mcu.externaltools.gnu-tools-for-stm32.9-2020-q2-update.win32_2.0.0.202105311346/tools/bin/../lib/gcc/arm-none-eabi/9.3.1/../../../../arm-none-eabi/lib/thumb/v7e-m+dp/hard\libc_nano.a(lib_a-signal.o)
                0x0000000008006988                raise
 .text._kill_r  0x0000000008006998       0x24 c:/st/stm32cubeide_1.7.0/stm32cubeide/plugins/com.st.stm32cube.ide.mcu.externaltools.gnu-tools-for-stm32.9-2020-q2-update.win32_2.0.0.202105311346/tools/bin/../lib/gcc/arm-none-eabi/9.3.1/../../../../arm-none-eabi/lib/thumb/v7e-m+dp/hard\libc_nano.a(lib_a-signalr.o)
                0x0000000008006998                _kill_r
 .text._getpid_r
                0x00000000080069bc        0x4 c:/st/stm32cubeide_1.7.0/stm32cubeide/plugins/com.st.stm32cube.ide.mcu.externaltools.gnu-tools-for-stm32.9-2020-q2-update.win32_2.0.0.202105311346/tools/bin/../lib/gcc/arm-none-eabi/9.3.1/../../../../arm-none-eabi/lib/thumb/v7e-m+dp/hard\libc_nano.a(lib_a-signalr.o)
                0x00000000080069bc                _getpid_r
 .text._vsnprintf_r
                0x00000000080069c0       0x58 c:/st/stm32cubeide_1.7.0/stm32cubeide/plugins/com.st.stm32cube.ide.mcu.externaltools.gnu-tools-for-stm32.9-2020-q2-update.win32_2.0.0.202105311346/tools/bin/../lib/gcc/arm-none-eabi/9.3.1/../../../../arm-none-eabi/lib/thumb/v7e-m+dp/hard\libc_nano.a(lib_a-vsnprintf.o)
                0x00000000080069c0                _vsniprintf_r
                0x00000000080069c0                _vsnprintf_r
 .text.vsnprintf
                0x0000000008006a18       0x1c c:/st/stm32cubeide_1.7.0/stm32cubeide/plugins/com.st.stm32cube.ide.mcu.externaltools.gnu-tools-for-stm32.9-2020-q2-update.win32_2.0.0.202105311346/tools/bin/../lib/gcc/arm-none-eabi/9.3.1/../../../../arm-none-eabi/lib/thumb/v7e-m+dp/hard\libc_nano.a(lib_a-vsnprintf.o)
                0x0000000008006a18                vsniprintf
                0x0000000008006a18                vsnprintf
 .text._vsprintf_r
                0x0000000008006a34       0x2c c:/st/stm32cubeide_1.7.0/stm32cubeide/plugins/com.st.stm32cube.ide.mcu.externaltools.gnu-tools-for-stm32.9-2020-q2-update.win32_2.0.0.202105311346/tools/bin/../lib/gcc/arm-none-eabi/9.3.1/../../../../arm-none-eabi/lib/thumb/v7e-m+dp/hard\libc_nano.a(lib_a-vsprintf.o)
                0x0000000008006a34                _vsprintf_r
                0x0000000008006a34                _vsiprintf_r
 .text.vsprintf
                0x0000000008006a60       0x14 c:/st/stm32cubeide_1.7.0/stm32cubeide/plugins/com.st.stm32cube.ide.mcu.externaltools.gnu-tools-for-stm32.9-2020-q2-update.win32_2.0.0.202105311346/tools/bin/../lib/gcc/arm-none-eabi/9.3.1/../../../../arm-none-eabi/lib/thumb/v7e-m+dp/hard\libc_nano.a(lib_a-vsprintf.o)
                0x0000000008006a60                vsiprintf
                0x0000000008006a60                vsprintf
 .text.__malloc_lock
                0x0000000008006a74        0xc c:/st/stm32cubeide_1.7.0/stm32cubeide/plugins/com.st.stm32cube.ide.mcu.externaltools.gnu-tools-for-stm32.9-2020-q2-update.win32_2.0.0.202105311346/tools/bin/../lib/gcc/arm-none-eabi/9.3.1/../../../../arm-none-eabi/lib/thumb/v7e-m+dp/hard\libc_nano.a(lib_a-mlock.o)
                0x0000000008006a74                __malloc_lock
 .text.__malloc_unlock
                0x0000000008006a80        0xc c:/st/stm32cubeide_1.7.0/stm32cubeide/plugins/com.st.stm32cube.ide.mcu.externaltools.gnu-tools-for-stm32.9-2020-q2-update.win32_2.0.0.202105311346/tools/bin/../lib/gcc/arm-none-eabi/9.3.1/../../../../arm-none-eabi/lib/thumb/v7e-m+dp/hard\libc_nano.a(lib_a-mlock.o)
                0x0000000008006a80                __malloc_unlock
 .text.__ssputs_r
                0x0000000008006a8c       0xb6 c:/st/stm32cubeide_1.7.0/stm32cubeide/plugins/com.st.stm32cube.ide.mcu.externaltools.gnu-tools-for-stm32.9-2020-q2-update.win32_2.0.0.202105311346/tools/bin/../lib/gcc/arm-none-eabi/9.3.1/../../../../arm-none-eabi/lib/thumb/v7e-m+dp/hard\libc_nano.a(lib_a-nano-svfprintf.o)
                0x0000000008006a8c                __ssputs_r
 *fill*         0x0000000008006b42        0x2 
 .text._svfprintf_r
                0x0000000008006b44      0x200 c:/st/stm32cubeide_1.7.0/stm32cubeide/plugins/com.st.stm32cube.ide.mcu.externaltools.gnu-tools-for-stm32.9-2020-q2-update.win32_2.0.0.202105311346/tools/bin/../lib/gcc/arm-none-eabi/9.3.1/../../../../arm-none-eabi/lib/thumb/v7e-m+dp/hard\libc_nano.a(lib_a-nano-svfprintf.o)
                0x0000000008006b44                _svfiprintf_r
                0x0000000008006b44                _svfprintf_r
 .text._printf_common
                0x0000000008006d44       0xda c:/st/stm32cubeide_1.7.0/stm32cubeide/plugins/com.st.stm32cube.ide.mcu.externaltools.gnu-tools-for-stm32.9-2020-q2-update.win32_2.0.0.202105311346/tools/bin/../lib/gcc/arm-none-eabi/9.3.1/../../../../arm-none-eabi/lib/thumb/v7e-m+dp/hard\libc_nano.a(lib_a-nano-vfprintf_i.o)
                0x0000000008006d44                _printf_common
 *fill*         0x0000000008006e1e        0x2 
 .text._printf_i
                0x0000000008006e20      0x24c c:/st/stm32cubeide_1.7.0/stm32cubeide/plugins/com.st.stm32cube.ide.mcu.externaltools.gnu-tools-for-stm32.9-2020-q2-update.win32_2.0.0.202105311346/tools/bin/../lib/gcc/arm-none-eabi/9.3.1/../../../../arm-none-eabi/lib/thumb/v7e-m+dp/hard\libc_nano.a(lib_a-nano-vfprintf_i.o)
                0x0000000008006e20                _printf_i
 .text.__retarget_lock_acquire_recursive
                0x000000000800706c        0x2 c:/st/stm32cubeide_1.7.0/stm32cubeide/plugins/com.st.stm32cube.ide.mcu.externaltools.gnu-tools-for-stm32.9-2020-q2-update.win32_2.0.0.202105311346/tools/bin/../lib/gcc/arm-none-eabi/9.3.1/../../../../arm-none-eabi/lib/thumb/v7e-m+dp/hard\libc_nano.a(lib_a-lock.o)
                0x000000000800706c                __retarget_lock_acquire_recursive
 .text.__retarget_lock_release_recursive
                0x000000000800706e        0x2 c:/st/stm32cubeide_1.7.0/stm32cubeide/plugins/com.st.stm32cube.ide.mcu.externaltools.gnu-tools-for-stm32.9-2020-q2-update.win32_2.0.0.202105311346/tools/bin/../lib/gcc/arm-none-eabi/9.3.1/../../../../arm-none-eabi/lib/thumb/v7e-m+dp/hard\libc_nano.a(lib_a-lock.o)
                0x000000000800706e                __retarget_lock_release_recursive
 .text.memmove  0x0000000008007070       0x34 c:/st/stm32cubeide_1.7.0/stm32cubeide/plugins/com.st.stm32cube.ide.mcu.externaltools.gnu-tools-for-stm32.9-2020-q2-update.win32_2.0.0.202105311346/tools/bin/../lib/gcc/arm-none-eabi/9.3.1/../../../../arm-none-eabi/lib/thumb/v7e-m+dp/hard\libc_nano.a(lib_a-memmove.o)
                0x0000000008007070                memmove
 .text._realloc_r
                0x00000000080070a4       0x4c c:/st/stm32cubeide_1.7.0/stm32cubeide/plugins/com.st.stm32cube.ide.mcu.externaltools.gnu-tools-for-stm32.9-2020-q2-update.win32_2.0.0.202105311346/tools/bin/../lib/gcc/arm-none-eabi/9.3.1/../../../../arm-none-eabi/lib/thumb/v7e-m+dp/hard\libc_nano.a(lib_a-nano-reallocr.o)
                0x00000000080070a4                _realloc_r
 .text._malloc_usable_size_r
                0x00000000080070f0       0x10 c:/st/stm32cubeide_1.7.0/stm32cubeide/plugins/com.st.stm32cube.ide.mcu.externaltools.gnu-tools-for-stm32.9-2020-q2-update.win32_2.0.0.202105311346/tools/bin/../lib/gcc/arm-none-eabi/9.3.1/../../../../arm-none-eabi/lib/thumb/v7e-m+dp/hard\libc_nano.a(lib_a-nano-msizer.o)
                0x00000000080070f0                _malloc_usable_size_r
 .text._getpid  0x0000000008007100       0x10 c:/st/stm32cubeide_1.7.0/stm32cubeide/plugins/com.st.stm32cube.ide.mcu.externaltools.gnu-tools-for-stm32.9-2020-q2-update.win32_2.0.0.202105311346/tools/bin/../lib/gcc/arm-none-eabi/9.3.1/../../../../arm-none-eabi/lib/thumb/v7e-m+dp/hard\libnosys.a(getpid.o)
                0x0000000008007100                _getpid
 .text._kill    0x0000000008007110       0x10 c:/st/stm32cubeide_1.7.0/stm32cubeide/plugins/com.st.stm32cube.ide.mcu.externaltools.gnu-tools-for-stm32.9-2020-q2-update.win32_2.0.0.202105311346/tools/bin/../lib/gcc/arm-none-eabi/9.3.1/../../../../arm-none-eabi/lib/thumb/v7e-m+dp/hard\libnosys.a(kill.o)
                0x0000000008007110                _kill
 .text._sbrk    0x0000000008007120       0x1c c:/st/stm32cubeide_1.7.0/stm32cubeide/plugins/com.st.stm32cube.ide.mcu.externaltools.gnu-tools-for-stm32.9-2020-q2-update.win32_2.0.0.202105311346/tools/bin/../lib/gcc/arm-none-eabi/9.3.1/../../../../arm-none-eabi/lib/thumb/v7e-m+dp/hard\libnosys.a(sbrk.o)
                0x0000000008007120                _sbrk
 .text._exit    0x000000000800713c        0x2 c:/st/stm32cubeide_1.7.0/stm32cubeide/plugins/com.st.stm32cube.ide.mcu.externaltools.gnu-tools-for-stm32.9-2020-q2-update.win32_2.0.0.202105311346/tools/bin/../lib/gcc/arm-none-eabi/9.3.1/../../../../arm-none-eabi/lib/thumb/v7e-m+dp/hard\libnosys.a(_exit.o)
                0x000000000800713c                _exit
 *(.glue_7)
 .glue_7        0x000000000800713e        0x0 linker stubs
 *(.glue_7t)
 .glue_7t       0x000000000800713e        0x0 linker stubs
 *(.eh_frame)
 *fill*         0x000000000800713e        0x2 
 .eh_frame      0x0000000008007140        0x0 c:/st/stm32cubeide_1.7.0/stm32cubeide/plugins/com.st.stm32cube.ide.mcu.externaltools.gnu-tools-for-stm32.9-2020-q2-update.win32_2.0.0.202105311346/tools/bin/../lib/gcc/arm-none-eabi/9.3.1/thumb/v7e-m+dp/hard/crtbegin.o
 *(.init)
 .init          0x0000000008007140        0x4 c:/st/stm32cubeide_1.7.0/stm32cubeide/plugins/com.st.stm32cube.ide.mcu.externaltools.gnu-tools-for-stm32.9-2020-q2-update.win32_2.0.0.202105311346/tools/bin/../lib/gcc/arm-none-eabi/9.3.1/thumb/v7e-m+dp/hard/crti.o
                0x0000000008007140                _init
 .init          0x0000000008007144        0x8 c:/st/stm32cubeide_1.7.0/stm32cubeide/plugins/com.st.stm32cube.ide.mcu.externaltools.gnu-tools-for-stm32.9-2020-q2-update.win32_2.0.0.202105311346/tools/bin/../lib/gcc/arm-none-eabi/9.3.1/thumb/v7e-m+dp/hard/crtn.o
 *(.fini)
 .fini          0x000000000800714c        0x4 c:/st/stm32cubeide_1.7.0/stm32cubeide/plugins/com.st.stm32cube.ide.mcu.externaltools.gnu-tools-for-stm32.9-2020-q2-update.win32_2.0.0.202105311346/tools/bin/../lib/gcc/arm-none-eabi/9.3.1/thumb/v7e-m+dp/hard/crti.o
                0x000000000800714c                _fini
 .fini          0x0000000008007150        0x8 c:/st/stm32cubeide_1.7.0/stm32cubeide/plugins/com.st.stm32cube.ide.mcu.externaltools.gnu-tools-for-stm32.9-2020-q2-update.win32_2.0.0.202105311346/tools/bin/../lib/gcc/arm-none-eabi/9.3.1/thumb/v7e-m+dp/hard/crtn.o
                0x0000000008007158                . = ALIGN (0x4)
                0x0000000008007158                _etext = .

.vfp11_veneer   0x0000000008007158        0x0
 .vfp11_veneer  0x0000000008007158        0x0 linker stubs

.v4_bx          0x0000000008007158        0x0
 .v4_bx         0x0000000008007158        0x0 linker stubs

.iplt           0x0000000008007158        0x0
 .iplt          0x0000000008007158        0x0 c:/st/stm32cubeide_1.7.0/stm32cubeide/plugins/com.st.stm32cube.ide.mcu.externaltools.gnu-tools-for-stm32.9-2020-q2-update.win32_2.0.0.202105311346/tools/bin/../lib/gcc/arm-none-eabi/9.3.1/thumb/v7e-m+dp/hard/crtbegin.o

.rodata         0x0000000008007158      0x984
                0x0000000008007158                . = ALIGN (0x4)
 *(.rodata)
 .rodata        0x0000000008007158      0x105 ./Src/Disp_OTM8009A.o
 *fill*         0x000000000800725d        0x3 
 .rodata        0x0000000008007260       0x2c ./Src/lib.o
 .rodata        0x000000000800728c       0x1f ./Src/main.o
 *(.rodata*)
 *fill*         0x00000000080072ab        0x1 
 .rodata._ZTV19cHwDisp_OTM8009Aram
                0x00000000080072ac       0x5c ./Src/Disp_OTM8009A.o
                0x00000000080072ac                vtable for cHwDisp_OTM8009Aram
 .rodata._ZTV16cHwDisp_OTM8009A
                0x0000000008007308       0x5c ./Src/Disp_OTM8009A.o
                0x0000000008007308                vtable for cHwDisp_OTM8009A
 .rodata._ZTV15cDevTextIO_UART
                0x0000000008007364       0x14 ./Src/lib.o
                0x0000000008007364                vtable for cDevTextIO_UART
 .rodata._ZTV10cDevTextIO
                0x0000000008007378       0x14 ./Src/lib.o
                0x0000000008007378                vtable for cDevTextIO
 .rodata._ZTV18cDevDisplayGraphic
                0x000000000800738c       0x48 ./Src/lib.o
                0x000000000800738c                vtable for cDevDisplayGraphic
 .rodata._ZTV17cHwDisplayGraphic
                0x00000000080073d4       0x5c ./Src/lib.o
                0x00000000080073d4                vtable for cHwDisplayGraphic
 .rodata._ZTV10cHwDisplay
                0x0000000008007430       0x20 ./Src/lib.o
                0x0000000008007430                vtable for cHwDisplay
 .rodata._ZTV11cDevDisplay
                0x0000000008007450       0x14 ./Src/lib.o
                0x0000000008007450                vtable for cDevDisplay
 .rodata._ZTV9cHwUART_N
                0x0000000008007464       0x34 ./Src/lib.o
                0x0000000008007464                vtable for cHwUART_N
 .rodata._ZTV7cHwUART
                0x0000000008007498       0x34 ./Src/lib.o
                0x0000000008007498                vtable for cHwUART
 .rodata._ZTV10cHwTimer_N
                0x00000000080074cc       0x1c ./Src/lib.o
                0x00000000080074cc                vtable for cHwTimer_N
 .rodata._ZTV8cHwRTC_0
                0x00000000080074e8       0x10 ./Src/lib.o
                0x00000000080074e8                vtable for cHwRTC_0
 .rodata._ZTV6cHwRTC
                0x00000000080074f8       0x10 ./Src/lib.o
                0x00000000080074f8                vtable for cHwRTC
 .rodata._ZTV9cHwPort_N
                0x0000000008007508       0x20 ./Src/lib.o
                0x0000000008007508                vtable for cHwPort_N
 .rodata._ZTV14cHwI2Cmaster_N
                0x0000000008007528       0x2c ./Src/lib.o
                0x0000000008007528                vtable for cHwI2Cmaster_N
 .rodata._ZTV12cHwI2Cmaster
                0x0000000008007554       0x28 ./Src/lib.o
                0x0000000008007554                vtable for cHwI2Cmaster
 .rodata._ZTVN12cHwI2Cmaster6DeviceE
                0x000000000800757c       0x3c ./Src/lib.o
                0x000000000800757c                vtable for cHwI2Cmaster::Device
 .rodata._ZTV7cHwPort
                0x00000000080075b8       0x20 ./Src/lib.o
                0x00000000080075b8                vtable for cHwPort
 .rodata._ZTVN7cHwPort3PinE
                0x00000000080075d8       0x1c ./Src/lib.o
                0x00000000080075d8                vtable for cHwPort::Pin
 .rodata._ZTV8cHwTimer
                0x00000000080075f4       0x1c ./Src/lib.o
                0x00000000080075f4                vtable for cHwTimer
 .rodata._ZL13fontFont_8x12
                0x0000000008007610      0x485 ./Src/main.o
 *fill*         0x0000000008007a95        0x3 
 .rodata._ZTV6cHwDSI
                0x0000000008007a98       0x10 ./Src/main.o
                0x0000000008007a98                vtable for cHwDSI
 .rodata._svfprintf_r.str1.1
                0x0000000008007aa8       0x11 c:/st/stm32cubeide_1.7.0/stm32cubeide/plugins/com.st.stm32cube.ide.mcu.externaltools.gnu-tools-for-stm32.9-2020-q2-update.win32_2.0.0.202105311346/tools/bin/../lib/gcc/arm-none-eabi/9.3.1/../../../../arm-none-eabi/lib/thumb/v7e-m+dp/hard\libc_nano.a(lib_a-nano-svfprintf.o)
 .rodata._printf_i.str1.1
                0x0000000008007ab9       0x22 c:/st/stm32cubeide_1.7.0/stm32cubeide/plugins/com.st.stm32cube.ide.mcu.externaltools.gnu-tools-for-stm32.9-2020-q2-update.win32_2.0.0.202105311346/tools/bin/../lib/gcc/arm-none-eabi/9.3.1/../../../../arm-none-eabi/lib/thumb/v7e-m+dp/hard\libc_nano.a(lib_a-nano-vfprintf_i.o)
                0x0000000008007adc                . = ALIGN (0x4)
 *fill*         0x0000000008007adb        0x1 

.rel.dyn        0x0000000008007adc        0x0
 .rel.iplt      0x0000000008007adc        0x0 c:/st/stm32cubeide_1.7.0/stm32cubeide/plugins/com.st.stm32cube.ide.mcu.externaltools.gnu-tools-for-stm32.9-2020-q2-update.win32_2.0.0.202105311346/tools/bin/../lib/gcc/arm-none-eabi/9.3.1/thumb/v7e-m+dp/hard/crtbegin.o

.ARM.extab      0x0000000008007adc        0x0
                0x0000000008007adc                . = ALIGN (0x4)
 *(.ARM.extab* .gnu.linkonce.armextab.*)
                0x0000000008007adc                . = ALIGN (0x4)

.ARM            0x0000000008007adc        0x0
                0x0000000008007adc                . = ALIGN (0x4)
                0x0000000008007adc                __exidx_start = .
 *(.ARM.exidx*)
                0x0000000008007adc                __exidx_end = .
                0x0000000008007adc                . = ALIGN (0x4)

.preinit_array  0x0000000008007adc        0x0
                0x0000000008007adc                . = ALIGN (0x4)
                0x0000000008007adc                PROVIDE (__preinit_array_start = .)
 *(.preinit_array*)
                0x0000000008007adc                PROVIDE (__preinit_array_end = .)
                0x0000000008007adc                . = ALIGN (0x4)

.init_array     0x0000000008007adc        0x8
                0x0000000008007adc                . = ALIGN (0x4)
                0x0000000008007adc                PROVIDE (__init_array_start = .)
 *(SORT_BY_NAME(.init_array.*))
 *(.init_array*)
 .init_array    0x0000000008007adc        0x4 c:/st/stm32cubeide_1.7.0/stm32cubeide/plugins/com.st.stm32cube.ide.mcu.externaltools.gnu-tools-for-stm32.9-2020-q2-update.win32_2.0.0.202105311346/tools/bin/../lib/gcc/arm-none-eabi/9.3.1/thumb/v7e-m+dp/hard/crtbegin.o
 .init_array    0x0000000008007ae0        0x4 ./Src/main.o
                0x0000000008007ae4                PROVIDE (__init_array_end = .)
                0x0000000008007ae4                . = ALIGN (0x4)

.fini_array     0x0000000008007ae4        0x4
                0x0000000008007ae4                . = ALIGN (0x4)
                [!provide]                        PROVIDE (__fini_array_start = .)
 *(SORT_BY_NAME(.fini_array.*))
 *(.fini_array*)
 .fini_array    0x0000000008007ae4        0x4 c:/st/stm32cubeide_1.7.0/stm32cubeide/plugins/com.st.stm32cube.ide.mcu.externaltools.gnu-tools-for-stm32.9-2020-q2-update.win32_2.0.0.202105311346/tools/bin/../lib/gcc/arm-none-eabi/9.3.1/thumb/v7e-m+dp/hard/crtbegin.o
                [!provide]                        PROVIDE (__fini_array_end = .)
                0x0000000008007ae8                . = ALIGN (0x4)
                0x0000000008007ae8                _sidata = LOADADDR (.data)

.data           0x0000000020000000      0x18c load address 0x0000000008007ae8
                0x0000000020000000                . = ALIGN (0x4)
                0x0000000020000000                _sdata = .
 *(.data)
 *(.data*)
 .data._ZN12cHwPinConfig5tableE
                0x0000000020000000      0x124 ./Src/main.o
                0x0000000020000000                cHwPinConfig::table
 .data.__fdlib_version
                0x0000000020000124        0x1 c:/st/stm32cubeide_1.7.0/stm32cubeide/plugins/com.st.stm32cube.ide.mcu.externaltools.gnu-tools-for-stm32.9-2020-q2-update.win32_2.0.0.202105311346/tools/bin/../lib/gcc/arm-none-eabi/9.3.1/../../../../arm-none-eabi/lib/thumb/v7e-m+dp/hard\libm.a(lib_a-s_lib_ver.o)
                0x0000000020000124                __fdlib_version
 *fill*         0x0000000020000125        0x3 
 .data._impure_ptr
                0x0000000020000128        0x4 c:/st/stm32cubeide_1.7.0/stm32cubeide/plugins/com.st.stm32cube.ide.mcu.externaltools.gnu-tools-for-stm32.9-2020-q2-update.win32_2.0.0.202105311346/tools/bin/../lib/gcc/arm-none-eabi/9.3.1/../../../../arm-none-eabi/lib/thumb/v7e-m+dp/hard\libc_nano.a(lib_a-impure.o)
                0x0000000020000128                _impure_ptr
 .data.impure_data
                0x000000002000012c       0x60 c:/st/stm32cubeide_1.7.0/stm32cubeide/plugins/com.st.stm32cube.ide.mcu.externaltools.gnu-tools-for-stm32.9-2020-q2-update.win32_2.0.0.202105311346/tools/bin/../lib/gcc/arm-none-eabi/9.3.1/../../../../arm-none-eabi/lib/thumb/v7e-m+dp/hard\libc_nano.a(lib_a-impure.o)
 *(.RamFunc)
 *(.RamFunc*)
                0x000000002000018c                . = ALIGN (0x4)
                0x000000002000018c                _edata = .

.igot.plt       0x000000002000018c        0x0 load address 0x0000000008007c74
 .igot.plt      0x000000002000018c        0x0 c:/st/stm32cubeide_1.7.0/stm32cubeide/plugins/com.st.stm32cube.ide.mcu.externaltools.gnu-tools-for-stm32.9-2020-q2-update.win32_2.0.0.202105311346/tools/bin/../lib/gcc/arm-none-eabi/9.3.1/thumb/v7e-m+dp/hard/crtbegin.o
                0x000000002000018c                . = ALIGN (0x4)

.bss            0x000000002000018c      0x1d4 load address 0x0000000008007c74
                0x000000002000018c                _sbss = .
                0x000000002000018c                __bss_start__ = _sbss
 *(.bss)
 .bss           0x000000002000018c       0x1c c:/st/stm32cubeide_1.7.0/stm32cubeide/plugins/com.st.stm32cube.ide.mcu.externaltools.gnu-tools-for-stm32.9-2020-q2-update.win32_2.0.0.202105311346/tools/bin/../lib/gcc/arm-none-eabi/9.3.1/thumb/v7e-m+dp/hard/crtbegin.o
 *(.bss*)
 .bss._ZN7cSystem12cntInterruptE
                0x00000000200001a8        0x1 ./Src/lib.o
                0x00000000200001a8                cSystem::cntInterrupt
 *fill*         0x00000000200001a9        0x3 
 .bss._ZN11cHwRTOS_MCU8scheduleE
                0x00000000200001ac        0x4 ./Src/lib.o
                0x00000000200001ac                cHwRTOS_MCU::schedule
 .bss._ZN11cHwRTOS_MCU6sysTicE
                0x00000000200001b0        0x4 ./Src/lib.o
                0x00000000200001b0                cHwRTOS_MCU::sysTic
 .bss._ZZ15SysTick_HandlerE12stackPointer
                0x00000000200001b4        0x4 ./Src/lib.o
 .bss._ZZ14PendSV_HandlerE12stackPointer
                0x00000000200001b8        0x4 ./Src/lib.o
 .bss._ZN8cHwADC_06adcPtrE
                0x00000000200001bc        0x4 ./Src/lib.o
                0x00000000200001bc                cHwADC_0::adcPtr
 .bss._ZN10cHwTimer_N10timerPtr_1E
                0x00000000200001c0        0x4 ./Src/lib.o
                0x00000000200001c0                cHwTimer_N::timerPtr_1
 .bss._ZN10cHwTimer_N10timerPtr_2E
                0x00000000200001c4        0x4 ./Src/lib.o
                0x00000000200001c4                cHwTimer_N::timerPtr_2
 .bss._ZN10cHwTimer_N10timerPtr_3E
                0x00000000200001c8        0x4 ./Src/lib.o
                0x00000000200001c8                cHwTimer_N::timerPtr_3
 .bss._ZN10cHwTimer_N10timerPtr_4E
                0x00000000200001cc        0x4 ./Src/lib.o
                0x00000000200001cc                cHwTimer_N::timerPtr_4
 .bss._ZN10cHwTimer_N10timerPtr_5E
                0x00000000200001d0        0x4 ./Src/lib.o
                0x00000000200001d0                cHwTimer_N::timerPtr_5
 .bss._ZN10cHwTimer_N10timerPtr_7E
                0x00000000200001d4        0x4 ./Src/lib.o
                0x00000000200001d4                cHwTimer_N::timerPtr_7
 .bss._ZN10cHwTimer_N10timerPtr_8E
                0x00000000200001d8        0x4 ./Src/lib.o
                0x00000000200001d8                cHwTimer_N::timerPtr_8
 .bss._ZN10cHwTimer_N10timerPtr_9E
                0x00000000200001dc        0x4 ./Src/lib.o
                0x00000000200001dc                cHwTimer_N::timerPtr_9
 .bss._ZN10cHwTimer_N11timerPtr_10E
                0x00000000200001e0        0x4 ./Src/lib.o
                0x00000000200001e0                cHwTimer_N::timerPtr_10
 .bss._ZN10cHwTimer_N11timerPtr_11E
                0x00000000200001e4        0x4 ./Src/lib.o
                0x00000000200001e4                cHwTimer_N::timerPtr_11
 .bss._ZN10cHwTimer_N11timerPtr_14E
                0x00000000200001e8        0x4 ./Src/lib.o
                0x00000000200001e8                cHwTimer_N::timerPtr_14
 .bss._ZN9cHwUART_N9uartPtr_1E
                0x00000000200001ec        0x4 ./Src/lib.o
                0x00000000200001ec                cHwUART_N::uartPtr_1
 .bss._ZN9cHwUART_N9uartPtr_2E
                0x00000000200001f0        0x4 ./Src/lib.o
                0x00000000200001f0                cHwUART_N::uartPtr_2
 .bss._ZN9cHwUART_N9uartPtr_3E
                0x00000000200001f4        0x4 ./Src/lib.o
                0x00000000200001f4                cHwUART_N::uartPtr_3
 .bss._ZN9cHwUART_N9uartPtr_4E
                0x00000000200001f8        0x4 ./Src/lib.o
                0x00000000200001f8                cHwUART_N::uartPtr_4
 .bss._ZN9cHwUART_N9uartPtr_5E
                0x00000000200001fc        0x4 ./Src/lib.o
                0x00000000200001fc                cHwUART_N::uartPtr_5
 .bss._ZN9cHwUART_N9uartPtr_6E
                0x0000000020000200        0x4 ./Src/lib.o
                0x0000000020000200                cHwUART_N::uartPtr_6
 .bss._ZN8cHwUSB_06usbPtrE
                0x0000000020000204        0x4 ./Src/lib.o
                0x0000000020000204                cHwUSB_0::usbPtr
 .bss.sys       0x0000000020000208        0x1 ./Src/main.o
                0x0000000020000208                sys
 *fill*         0x0000000020000209        0x3 
 .bss.portA     0x000000002000020c        0x8 ./Src/main.o
                0x000000002000020c                portA
 .bss.portB     0x0000000020000214        0x8 ./Src/main.o
                0x0000000020000214                portB
 .bss.portC     0x000000002000021c        0x8 ./Src/main.o
                0x000000002000021c                portC
 .bss.portD     0x0000000020000224        0x8 ./Src/main.o
                0x0000000020000224                portD
 .bss.portE     0x000000002000022c        0x8 ./Src/main.o
                0x000000002000022c                portE
 .bss.portI     0x0000000020000234        0x8 ./Src/main.o
                0x0000000020000234                portI
 .bss.portJ     0x000000002000023c        0x8 ./Src/main.o
                0x000000002000023c                portJ
 .bss.timer     0x0000000020000244       0x18 ./Src/main.o
                0x0000000020000244                timer
 .bss.uart      0x000000002000025c       0x1c ./Src/main.o
                0x000000002000025c                uart
 .bss.rtc       0x0000000020000278        0x4 ./Src/main.o
                0x0000000020000278                rtc
 .bss.LD1       0x000000002000027c       0x10 ./Src/main.o
                0x000000002000027c                LD1
 .bss.LD2       0x000000002000028c       0x10 ./Src/main.o
                0x000000002000028c                LD2
 .bss.B1        0x000000002000029c       0x10 ./Src/main.o
                0x000000002000029c                B1
 .bss.com       0x00000000200002ac       0x20 ./Src/main.o
                0x00000000200002ac                com
 .bss.fmc       0x00000000200002cc        0x3 ./Src/main.o
                0x00000000200002cc                fmc
 *fill*         0x00000000200002cf        0x1 
 .bss.hwDSI     0x00000000200002d0        0x8 ./Src/main.o
                0x00000000200002d0                hwDSI
 .bss.lcdResetPin
                0x00000000200002d8       0x10 ./Src/main.o
                0x00000000200002d8                lcdResetPin
 .bss.disp      0x00000000200002e8       0x48 ./Src/main.o
                0x00000000200002e8                disp
 .bss.lcd       0x0000000020000330        0x8 ./Src/main.o
                0x0000000020000330                lcd
 .bss.i2c       0x0000000020000338        0xc ./Src/main.o
                0x0000000020000338                i2c
 .bss.__malloc_free_list
                0x0000000020000344        0x4 c:/st/stm32cubeide_1.7.0/stm32cubeide/plugins/com.st.stm32cube.ide.mcu.externaltools.gnu-tools-for-stm32.9-2020-q2-update.win32_2.0.0.202105311346/tools/bin/../lib/gcc/arm-none-eabi/9.3.1/../../../../arm-none-eabi/lib/thumb/v7e-m+dp/hard\libc_nano.a(lib_a-nano-mallocr.o)
                0x0000000020000344                __malloc_free_list
 .bss.__malloc_sbrk_start
                0x0000000020000348        0x4 c:/st/stm32cubeide_1.7.0/stm32cubeide/plugins/com.st.stm32cube.ide.mcu.externaltools.gnu-tools-for-stm32.9-2020-q2-update.win32_2.0.0.202105311346/tools/bin/../lib/gcc/arm-none-eabi/9.3.1/../../../../arm-none-eabi/lib/thumb/v7e-m+dp/hard\libc_nano.a(lib_a-nano-mallocr.o)
                0x0000000020000348                __malloc_sbrk_start
 .bss.heap_end.5507
                0x000000002000034c        0x4 c:/st/stm32cubeide_1.7.0/stm32cubeide/plugins/com.st.stm32cube.ide.mcu.externaltools.gnu-tools-for-stm32.9-2020-q2-update.win32_2.0.0.202105311346/tools/bin/../lib/gcc/arm-none-eabi/9.3.1/../../../../arm-none-eabi/lib/thumb/v7e-m+dp/hard\libnosys.a(sbrk.o)
 *(COMMON)
 COMMON         0x0000000020000350        0x4 c:/st/stm32cubeide_1.7.0/stm32cubeide/plugins/com.st.stm32cube.ide.mcu.externaltools.gnu-tools-for-stm32.9-2020-q2-update.win32_2.0.0.202105311346/tools/bin/../lib/gcc/arm-none-eabi/9.3.1/../../../../arm-none-eabi/lib/thumb/v7e-m+dp/hard\libc_nano.a(lib_a-reent.o)
                0x0000000020000350                errno
 COMMON         0x0000000020000354        0x9 c:/st/stm32cubeide_1.7.0/stm32cubeide/plugins/com.st.stm32cube.ide.mcu.externaltools.gnu-tools-for-stm32.9-2020-q2-update.win32_2.0.0.202105311346/tools/bin/../lib/gcc/arm-none-eabi/9.3.1/../../../../arm-none-eabi/lib/thumb/v7e-m+dp/hard\libc_nano.a(lib_a-lock.o)
                0x0000000020000354                __lock___atexit_recursive_mutex
                0x0000000020000355                __lock___arc4random_mutex
                0x0000000020000356                __lock___env_recursive_mutex
                0x0000000020000357                __lock___sinit_recursive_mutex
                0x0000000020000358                __lock___malloc_recursive_mutex
                0x0000000020000359                __lock___at_quick_exit_mutex
                0x000000002000035a                __lock___dd_hash_mutex
                0x000000002000035b                __lock___tz_mutex
                0x000000002000035c                __lock___sfp_recursive_mutex
                0x0000000020000360                . = ALIGN (0x4)
 *fill*         0x000000002000035d        0x3 
                0x0000000020000360                _ebss = .
                0x0000000020000360                __bss_end__ = _ebss

._user_heap_stack
                0x0000000020000360      0x600 load address 0x0000000008007c74
                0x0000000020000360                . = ALIGN (0x8)
                0x0000000020000360                PROVIDE (end = .)
                [!provide]                        PROVIDE (_end = .)
                0x0000000020000560                . = (. + _Min_Heap_Size)
 *fill*         0x0000000020000360      0x200 
                0x0000000020000960                . = (. + _Min_Stack_Size)
 *fill*         0x0000000020000560      0x400 
                0x0000000020000960                . = ALIGN (0x8)

/DISCARD/
 libc.a(*)
 libm.a(*)
 libgcc.a(*)

.ARM.attributes
                0x0000000000000000       0x2e
 *(.ARM.attributes)
 .ARM.attributes
                0x0000000000000000       0x1e c:/st/stm32cubeide_1.7.0/stm32cubeide/plugins/com.st.stm32cube.ide.mcu.externaltools.gnu-tools-for-stm32.9-2020-q2-update.win32_2.0.0.202105311346/tools/bin/../lib/gcc/arm-none-eabi/9.3.1/thumb/v7e-m+dp/hard/crti.o
 .ARM.attributes
                0x000000000000001e       0x32 c:/st/stm32cubeide_1.7.0/stm32cubeide/plugins/com.st.stm32cube.ide.mcu.externaltools.gnu-tools-for-stm32.9-2020-q2-update.win32_2.0.0.202105311346/tools/bin/../lib/gcc/arm-none-eabi/9.3.1/thumb/v7e-m+dp/hard/crtbegin.o
 .ARM.attributes
                0x0000000000000050       0x1e ./GCC/RTOScontext.o
 .ARM.attributes
                0x000000000000006e       0x21 ./GCC/startup_stm32f769nihx.o
 .ARM.attributes
                0x000000000000008f       0x32 ./Src/Disp_OTM8009A.o
 .ARM.attributes
                0x00000000000000c1       0x32 ./Src/lib.o
 .ARM.attributes
                0x00000000000000f3       0x32 ./Src/main.o
 .ARM.attributes
                0x0000000000000125       0x32 c:/st/stm32cubeide_1.7.0/stm32cubeide/plugins/com.st.stm32cube.ide.mcu.externaltools.gnu-tools-for-stm32.9-2020-q2-update.win32_2.0.0.202105311346/tools/bin/../lib/gcc/arm-none-eabi/9.3.1/../../../../arm-none-eabi/lib/thumb/v7e-m+dp/hard\libm.a(lib_a-wf_sqrt.o)
 .ARM.attributes
                0x0000000000000157       0x32 c:/st/stm32cubeide_1.7.0/stm32cubeide/plugins/com.st.stm32cube.ide.mcu.externaltools.gnu-tools-for-stm32.9-2020-q2-update.win32_2.0.0.202105311346/tools/bin/../lib/gcc/arm-none-eabi/9.3.1/../../../../arm-none-eabi/lib/thumb/v7e-m+dp/hard\libm.a(lib_a-ef_sqrt.o)
 .ARM.attributes
                0x0000000000000189       0x30 c:/st/stm32cubeide_1.7.0/stm32cubeide/plugins/com.st.stm32cube.ide.mcu.externaltools.gnu-tools-for-stm32.9-2020-q2-update.win32_2.0.0.202105311346/tools/bin/../lib/gcc/arm-none-eabi/9.3.1/../../../../arm-none-eabi/lib/thumb/v7e-m+dp/hard\libm.a(lib_a-s_lib_ver.o)
 .ARM.attributes
                0x00000000000001b9       0x32 c:/st/stm32cubeide_1.7.0/stm32cubeide/plugins/com.st.stm32cube.ide.mcu.externaltools.gnu-tools-for-stm32.9-2020-q2-update.win32_2.0.0.202105311346/tools/bin/../lib/gcc/arm-none-eabi/9.3.1/../../../../arm-none-eabi/lib/thumb/v7e-m+dp/hard\libc_nano.a(lib_a-abort.o)
 .ARM.attributes
                0x00000000000001eb       0x32 c:/st/stm32cubeide_1.7.0/stm32cubeide/plugins/com.st.stm32cube.ide.mcu.externaltools.gnu-tools-for-stm32.9-2020-q2-update.win32_2.0.0.202105311346/tools/bin/../lib/gcc/arm-none-eabi/9.3.1/../../../../arm-none-eabi/lib/thumb/v7e-m+dp/hard\libc_nano.a(lib_a-errno.o)
 .ARM.attributes
                0x000000000000021d       0x30 c:/st/stm32cubeide_1.7.0/stm32cubeide/plugins/com.st.stm32cube.ide.mcu.externaltools.gnu-tools-for-stm32.9-2020-q2-update.win32_2.0.0.202105311346/tools/bin/../lib/gcc/arm-none-eabi/9.3.1/../../../../arm-none-eabi/lib/thumb/v7e-m+dp/hard\libc_nano.a(lib_a-impure.o)
 .ARM.attributes
                0x000000000000024d       0x32 c:/st/stm32cubeide_1.7.0/stm32cubeide/plugins/com.st.stm32cube.ide.mcu.externaltools.gnu-tools-for-stm32.9-2020-q2-update.win32_2.0.0.202105311346/tools/bin/../lib/gcc/arm-none-eabi/9.3.1/../../../../arm-none-eabi/lib/thumb/v7e-m+dp/hard\libc_nano.a(lib_a-init.o)
 .ARM.attributes
                0x000000000000027f       0x32 c:/st/stm32cubeide_1.7.0/stm32cubeide/plugins/com.st.stm32cube.ide.mcu.externaltools.gnu-tools-for-stm32.9-2020-q2-update.win32_2.0.0.202105311346/tools/bin/../lib/gcc/arm-none-eabi/9.3.1/../../../../arm-none-eabi/lib/thumb/v7e-m+dp/hard\libc_nano.a(lib_a-malloc.o)
 .ARM.attributes
                0x00000000000002b1       0x32 c:/st/stm32cubeide_1.7.0/stm32cubeide/plugins/com.st.stm32cube.ide.mcu.externaltools.gnu-tools-for-stm32.9-2020-q2-update.win32_2.0.0.202105311346/tools/bin/../lib/gcc/arm-none-eabi/9.3.1/../../../../arm-none-eabi/lib/thumb/v7e-m+dp/hard\libc_nano.a(lib_a-memcpy-stub.o)
 .ARM.attributes
                0x00000000000002e3       0x32 c:/st/stm32cubeide_1.7.0/stm32cubeide/plugins/com.st.stm32cube.ide.mcu.externaltools.gnu-tools-for-stm32.9-2020-q2-update.win32_2.0.0.202105311346/tools/bin/../lib/gcc/arm-none-eabi/9.3.1/../../../../arm-none-eabi/lib/thumb/v7e-m+dp/hard\libc_nano.a(lib_a-nano-freer.o)
 .ARM.attributes
                0x0000000000000315       0x32 c:/st/stm32cubeide_1.7.0/stm32cubeide/plugins/com.st.stm32cube.ide.mcu.externaltools.gnu-tools-for-stm32.9-2020-q2-update.win32_2.0.0.202105311346/tools/bin/../lib/gcc/arm-none-eabi/9.3.1/../../../../arm-none-eabi/lib/thumb/v7e-m+dp/hard\libc_nano.a(lib_a-nano-mallocr.o)
 .ARM.attributes
                0x0000000000000347       0x32 c:/st/stm32cubeide_1.7.0/stm32cubeide/plugins/com.st.stm32cube.ide.mcu.externaltools.gnu-tools-for-stm32.9-2020-q2-update.win32_2.0.0.202105311346/tools/bin/../lib/gcc/arm-none-eabi/9.3.1/../../../../arm-none-eabi/lib/thumb/v7e-m+dp/hard\libc_nano.a(lib_a-sbrkr.o)
 .ARM.attributes
                0x0000000000000379       0x32 c:/st/stm32cubeide_1.7.0/stm32cubeide/plugins/com.st.stm32cube.ide.mcu.externaltools.gnu-tools-for-stm32.9-2020-q2-update.win32_2.0.0.202105311346/tools/bin/../lib/gcc/arm-none-eabi/9.3.1/../../../../arm-none-eabi/lib/thumb/v7e-m+dp/hard\libc_nano.a(lib_a-signal.o)
 .ARM.attributes