new:173:33:void* operator new(std::size_t, void*)	16	static
gthr-default.h:229:1:int __gthread_key_delete(__gthread_key_t)	16	static
MCU.h:56:14:void* operator new(unsigned int)	16	static
MCU.h:58:14:void operator delete(void*)	16	static
stl_vector.h:285:7:std::_Vector_base<_Tp, _Alloc>::_Vector_base() [with _Tp = Move; _Alloc = std::allocator<Move>]	16	static
stl_vector.h:484:7:std::vector<_Tp, _Alloc>::vector() [with _Tp = Move; _Alloc = std::allocator<Move>]	16	static
limits:1781:7:static constexpr double std::numeric_limits<double>::infinity()	4	static
TicTacToe.cpp:5:1:Move::Move(int, int)	24	static
TicTacToe.cpp:6:1:Move::Move(const char*)	16	static
TicTacToe.cpp:8:15:std::istream& operator>>(std::istream&, Move&)	32	static
TicTacToe.cpp:16:15:std::ostream& operator<<(std::ostream&, Move)	24	static
TicTacToe.cpp:22:6:bool Move::isValid() const	16	static
TicTacToe.cpp:26:1:Game::Game()	24	static
TicTacToe.cpp:34:6:char Game::at(int, int)	24	static
TicTacToe.cpp:38:6:char Game::getCurrentPlayer() const	16	static
TicTacToe.cpp:42:6:bool Game::doMove(Move)	32	static
TicTacToe.cpp:53:6:bool Game::undoMove()	24	static
TicTacToe.cpp:65:6:bool Game::hasEnded() const	16	static
TicTacToe.cpp:69:6:char Game::winner() const	24	static
TicTacToe.cpp:91:6:Move Game::bestMove()	48	static
TicTacToe.cpp:121:8:double Game::eval()	56	static
TicTacToe.cpp:151:15:std::ostream& operator<<(std::ostream&, const Game&)	24	static
TicTacToe.cpp:169:6:void Game::uartPrint(cDevTextIO_UART&) const	32	static
stl_vector.h:128:2:std::_Vector_base<_Tp, _Alloc>::_Vector_impl::_Vector_impl() [with _Tp = Move; _Alloc = std::allocator<Move>]	16	static
stl_vector.h:1184:7:void std::vector<_Tp, _Alloc>::push_back(const value_type&) [with _Tp = Move; _Alloc = std::allocator<Move>]	16	static
stl_vector.h:1004:7:bool std::vector<_Tp, _Alloc>::empty() const [with _Tp = Move; _Alloc = std::allocator<Move>]	24	static
stl_vector.h:1140:7:std::vector<_Tp, _Alloc>::reference std::vector<_Tp, _Alloc>::back() [with _Tp = Move; _Alloc = std::allocator<Move>]	24	static
stl_vector.h:1222:7:void std::vector<_Tp, _Alloc>::pop_back() [with _Tp = Move; _Alloc = std::allocator<Move>]	16	static
stl_vector.h:915:7:std::vector<_Tp, _Alloc>::size_type std::vector<_Tp, _Alloc>::size() const [with _Tp = Move; _Alloc = std::allocator<Move>]	16	static
stl_algobase.h:222:5:constexpr const _Tp& std::max(const _Tp&, const _Tp&) [with _Tp = double]	16	static
stl_algobase.h:198:5:constexpr const _Tp& std::min(const _Tp&, const _Tp&) [with _Tp = double]	16	static
allocator.h:138:7:std::allocator< <template-parameter-1-1> >::allocator() [with _Tp = Move]	16	static
stl_vector.h:94:2:std::_Vector_base<_Tp, _Alloc>::_Vector_impl_data::_Vector_impl_data() [with _Tp = Move; _Alloc = std::allocator<Move>]	16	static
stl_vector.h:347:7:void std::_Vector_base<_Tp, _Alloc>::_M_deallocate(std::_Vector_base<_Tp, _Alloc>::pointer, std::size_t) [with _Tp = Move; _Alloc = std::allocator<Move>]	24	static
stl_vector.h:273:7:std::_Vector_base<_Tp, _Alloc>::_Tp_alloc_type& std::_Vector_base<_Tp, _Alloc>::_M_get_Tp_allocator() [with _Tp = Move; _Alloc = std::allocator<Move>]	16	static
stl_construct.h:203:5:void std::_Destroy(_ForwardIterator, _ForwardIterator, std::allocator<_T2>&) [with _ForwardIterator = Move*; _Tp = Move]	24	static
alloc_traits.h:482:2:) [with _Up = Move; _Args = {const Move&}; _Tp = Move]	24	static
stl_vector.h:826:7:std::vector<_Tp, _Alloc>::iterator std::vector<_Tp, _Alloc>::end() [with _Tp = Move; _Alloc = std::allocator<Move>]	24	static
stl_vector.h:441:7:static constexpr bool std::vector<_Tp, _Alloc>::_S_use_relocate() [with _Tp = Move; _Alloc = std::allocator<Move>]	16	static
stl_vector.h:428:7:static constexpr bool std::vector<_Tp, _Alloc>::_S_nothrow_relocate(std::true_type) [with _Tp = Move; _Alloc = std::allocator<Move>]	16	static
vector.tcc:426:7:) [with _Args = {const Move&}; _Tp = Move; _Alloc = std::allocator<Move>]	64	static
stl_vector.h:817:7:std::vector<_Tp, _Alloc>::const_iterator std::vector<_Tp, _Alloc>::begin() const [with _Tp = Move; _Alloc = std::allocator<Move>]	24	static
stl_vector.h:835:7:std::vector<_Tp, _Alloc>::const_iterator std::vector<_Tp, _Alloc>::end() const [with _Tp = Move; _Alloc = std::allocator<Move>]	24	static
stl_iterator.h:893:5:bool __gnu_cxx::operator==(const __gnu_cxx::__normal_iterator<_Iterator, _Container>&, const __gnu_cxx::__normal_iterator<_Iterator, _Container>&) [with _Iterator = const Move*; _Container = std::vector<Move>]	24	static
stl_iterator.h:867:7:__gnu_cxx::__normal_iterator<_Iterator, _Container> __gnu_cxx::__normal_iterator<_Iterator, _Container>::operator-(__gnu_cxx::__normal_iterator<_Iterator, _Container>::difference_type) const [with _Iterator = Move*; _Container = std::vector<Move>]	24	static
stl_iterator.h:819:7:__gnu_cxx::__normal_iterator<_Iterator, _Container>::reference __gnu_cxx::__normal_iterator<_Iterator, _Container>::operator*() const [with _Iterator = Move*; _Container = std::vector<Move>]	16	static
alloc_traits.h:495:2:static void std::allocator_traits<std::allocator<_CharT> >::destroy(std::allocator_traits<std::allocator<_CharT> >::allocator_type&, _Up*) [with _Up = Move; _Tp = Move]	16	static
new_allocator.h:80:7:__gnu_cxx::new_allocator<_Tp>::new_allocator() [with _Tp = Move]	16	static
alloc_traits.h:469:7:static void std::allocator_traits<std::allocator<_CharT> >::deallocate(std::allocator_traits<std::allocator<_CharT> >::allocator_type&, std::allocator_traits<std::allocator<_CharT> >::pointer, std::allocator_traits<std::allocator<_CharT> >::size_type) [with _Tp = Move]	24	static
stl_construct.h:127:5:void std::_Destroy(_ForwardIterator, _ForwardIterator) [with _ForwardIterator = Move*]	16	static
move.h:74:5:constexpr _Tp&& std::forward(typename std::remove_reference<_Tp>::type&) [with _Tp = const Move&]	16	static
new_allocator.h:144:2:) [with _Up = Move; _Args = {const Move&}; _Tp = Move]	32	static
stl_iterator.h:806:7:__gnu_cxx::__normal_iterator<_Iterator, _Container>::__normal_iterator(const _Iterator&) [with _Iterator = Move*; _Container = std::vector<Move>]	16	static
stl_vector.h:1753:7:std::vector<_Tp, _Alloc>::size_type std::vector<_Tp, _Alloc>::_M_check_len(std::vector<_Tp, _Alloc>::size_type, const char*) const [with _Tp = Move; _Alloc = std::allocator<Move>]	40	static
stl_vector.h:808:7:std::vector<_Tp, _Alloc>::iterator std::vector<_Tp, _Alloc>::begin() [with _Tp = Move; _Alloc = std::allocator<Move>]	24	static
stl_iterator.h:989:5:typename __gnu_cxx::__normal_iterator<_Iterator, _Container>::difference_type __gnu_cxx::operator-(const __gnu_cxx::__normal_iterator<_Iterator, _Container>&, const __gnu_cxx::__normal_iterator<_Iterator, _Container>&) [with _Iterator = Move*; _Container = std::vector<Move>]	24	static
stl_vector.h:340:7:std::_Vector_base<_Tp, _Alloc>::pointer std::_Vector_base<_Tp, _Alloc>::_M_allocate(std::size_t) [with _Tp = Move; _Alloc = std::allocator<Move>]	16	static
stl_vector.h:462:7:static std::vector<_Tp, _Alloc>::pointer std::vector<_Tp, _Alloc>::_S_relocate(std::vector<_Tp, _Alloc>::pointer, std::vector<_Tp, _Alloc>::pointer, std::vector<_Tp, _Alloc>::pointer, std::vector<_Tp, _Alloc>::_Tp_alloc_type&) [with _Tp = Move; _Alloc = std::allocator<Move>]	48	static
stl_iterator.h:871:7:const _Iterator& __gnu_cxx::__normal_iterator<_Iterator, _Container>::base() const [with _Iterator = Move*; _Container = std::vector<Move>]	16	static
stl_uninitialized.h:323:5:_ForwardIterator std::__uninitialized_move_if_noexcept_a(_InputIterator, _InputIterator, _ForwardIterator, _Allocator&) [with _InputIterator = Move*; _ForwardIterator = Move*; _Allocator = std::allocator<Move>]	32	static
stl_iterator.h:806:7:__gnu_cxx::__normal_iterator<_Iterator, _Container>::__normal_iterator(const _Iterator&) [with _Iterator = const Move*; _Container = std::vector<Move>]	16	static
stl_iterator.h:871:7:const _Iterator& __gnu_cxx::__normal_iterator<_Iterator, _Container>::base() const [with _Iterator = const Move*; _Container = std::vector<Move>]	16	static
new_allocator.h:151:2:void __gnu_cxx::new_allocator<_Tp>::destroy(_Up*) [with _Up = Move; _Tp = Move]	16	static
new_allocator.h:119:7:void __gnu_cxx::new_allocator<_Tp>::deallocate(__gnu_cxx::new_allocator<_Tp>::pointer, __gnu_cxx::new_allocator<_Tp>::size_type) [with _Tp = Move]	24	static
stl_construct.h:117:9:static void std::_Destroy_aux<true>::__destroy(_ForwardIterator, _ForwardIterator) [with _ForwardIterator = Move*]	16	static
stl_vector.h:920:7:std::vector<_Tp, _Alloc>::size_type std::vector<_Tp, _Alloc>::max_size() const [with _Tp = Move; _Alloc = std::allocator<Move>]	16	static
stl_algobase.h:222:5:constexpr const _Tp& std::max(const _Tp&, const _Tp&) [with _Tp = unsigned int]	16	static
alloc_traits.h:443:7:static _Tp* std::allocator_traits<std::allocator<_CharT> >::allocate(std::allocator_traits<std::allocator<_CharT> >::allocator_type&, std::allocator_traits<std::allocator<_CharT> >::size_type) [with _Tp = Move]	16	static
stl_vector.h:450:7:static std::vector<_Tp, _Alloc>::pointer std::vector<_Tp, _Alloc>::_S_do_relocate(std::vector<_Tp, _Alloc>::pointer, std::vector<_Tp, _Alloc>::pointer, std::vector<_Tp, _Alloc>::pointer, std::vector<_Tp, _Alloc>::_Tp_alloc_type&, std::true_type) [with _Tp = Move; _Alloc = std::allocator<Move>]	24	static
stl_iterator.h:1242:5:_ReturnType std::__make_move_if_noexcept_iterator(_Tp*) [with _Tp = Move; _ReturnType = std::move_iterator<Move*>]	24	static
stl_uninitialized.h:305:5:_ForwardIterator std::__uninitialized_copy_a(_InputIterator, _InputIterator, _ForwardIterator, std::allocator<_Tp>&) [with _InputIterator = std::move_iterator<Move*>; _ForwardIterator = Move*; _Tp = Move]	24	static
stl_vector.h:1773:7:static std::vector<_Tp, _Alloc>::size_type std::vector<_Tp, _Alloc>::_S_max_size(const _Tp_alloc_type&) [with _Tp = Move; _Alloc = std::allocator<Move>]	24	static
stl_vector.h:277:7:const _Tp_alloc_type& std::_Vector_base<_Tp, _Alloc>::_M_get_Tp_allocator() const [with _Tp = Move; _Alloc = std::allocator<Move>]	16	static
new_allocator.h:102:7:_Tp* __gnu_cxx::new_allocator<_Tp>::allocate(__gnu_cxx::new_allocator<_Tp>::size_type, const void*) [with _Tp = Move]	24	static
stl_uninitialized.h:958:5:_ForwardIterator std::__relocate_a(_InputIterator, _InputIterator, _ForwardIterator, _Allocator&) [with _InputIterator = Move*; _ForwardIterator = Move*; _Allocator = std::allocator<Move>]	32	static
stl_iterator.h:1057:7:std::move_iterator<_Iterator>::move_iterator(std::move_iterator<_Iterator>::iterator_type) [with _Iterator = Move*]	16	static
stl_uninitialized.h:115:5:_ForwardIterator std::uninitialized_copy(_InputIterator, _InputIterator, _ForwardIterator) [with _InputIterator = std::move_iterator<Move*>; _ForwardIterator = Move*]	32	static
alloc_traits.h:505:7:static std::allocator_traits<std::allocator<_CharT> >::size_type std::allocator_traits<std::allocator<_CharT> >::max_size(const allocator_type&) [with _Tp = Move]	16	static
stl_algobase.h:198:5:constexpr const _Tp& std::min(const _Tp&, const _Tp&) [with _Tp = unsigned int]	16	static
new_allocator.h:132:7:__gnu_cxx::new_allocator<_Tp>::size_type __gnu_cxx::new_allocator<_Tp>::max_size() const [with _Tp = Move]	16	static
stl_algobase.h:280:5:_Iterator std::__niter_base(_Iterator) [with _Iterator = Move*]	16	static
stl_uninitialized.h:936:5:_ForwardIterator std::__relocate_a_1(_InputIterator, _InputIterator, _ForwardIterator, _Allocator&) [with _InputIterator = Move*; _ForwardIterator = Move*; _Allocator = std::allocator<Move>]	40	static
stl_uninitialized.h:76:9:static _ForwardIterator std::__uninitialized_copy<_TrivialValueTypes>::__uninit_copy(_InputIterator, _InputIterator, _ForwardIterator) [with _InputIterator = std::move_iterator<Move*>; _ForwardIterator = Move*; bool _TrivialValueTypes = false]	40	static
move.h:47:5:constexpr _Tp* std::__addressof(_Tp&) [with _Tp = Move]	16	static
stl_uninitialized.h:905:5:void std::__relocate_object_a(_Tp*, _Up*, _Allocator&) [with _Tp = Move; _Up = Move; _Allocator = std::allocator<Move>]	24	static
stl_iterator.h:1157:5:bool std::operator!=(const std::move_iterator<_IteratorL>&, const std::move_iterator<_IteratorL>&) [with _Iterator = Move*]	16	static
stl_iterator.h:1078:7:std::move_iterator<_Iterator>& std::move_iterator<_Iterator>::operator++() [with _Iterator = Move*]	16	static
stl_iterator.h:1070:7:std::move_iterator<_Iterator>::reference std::move_iterator<_Iterator>::operator*() const [with _Iterator = Move*]	16	static
stl_construct.h:74:5:) [with _T1 = Move; _Args = {Move}]	24	static
move.h:99:5:constexpr typename std::remove_reference<_Tp>::type&& std::move(_Tp&&) [with _Tp = Move&]	16	static
alloc_traits.h:482:2:) [with _Up = Move; _Args = {Move}; _Tp = Move]	24	static
stl_iterator.h:1145:5:bool std::operator==(const std::move_iterator<_IteratorL>&, const std::move_iterator<_IteratorL>&) [with _Iterator = Move*]	24	static
move.h:74:5:constexpr _Tp&& std::forward(typename std::remove_reference<_Tp>::type&) [with _Tp = Move]	16	static
new_allocator.h:144:2:) [with _Up = Move; _Args = {Move}; _Tp = Move]	32	static
stl_iterator.h:1066:7:std::move_iterator<_Iterator>::iterator_type std::move_iterator<_Iterator>::base() const [with _Iterator = Move*]	16	static
TicTacToe.cpp:182:1:void __static_initialization_and_destruction_0(int, int)	16	static
TicTacToe.cpp:182:1:cpp)	8	static
TicTacToe.cpp:182:1:cpp)	8	static
